Archive member included to satisfy reference by file (symbol)

/usr/lib/gcc/arm-none-eabi/4.9.3/armv7-m/libgcc.a(_aeabi_uldivmod.o)
                              obj_cc2538dk/spi.o (__aeabi_uldivmod)
/usr/lib/gcc/arm-none-eabi/4.9.3/armv7-m/libgcc.a(bpabi.o)
                              /usr/lib/gcc/arm-none-eabi/4.9.3/armv7-m/libgcc.a(_aeabi_uldivmod.o) (__gnu_uldivmod_helper)
/usr/lib/gcc/arm-none-eabi/4.9.3/armv7-m/libgcc.a(_dvmd_tls.o)
                              /usr/lib/gcc/arm-none-eabi/4.9.3/armv7-m/libgcc.a(_aeabi_uldivmod.o) (__aeabi_ldiv0)
/usr/lib/gcc/arm-none-eabi/4.9.3/armv7-m/libgcc.a(_divdi3.o)
                              /usr/lib/gcc/arm-none-eabi/4.9.3/armv7-m/libgcc.a(bpabi.o) (__divdi3)
/usr/lib/gcc/arm-none-eabi/4.9.3/armv7-m/libgcc.a(_udivdi3.o)
                              /usr/lib/gcc/arm-none-eabi/4.9.3/armv7-m/libgcc.a(bpabi.o) (__udivdi3)
/usr/lib/gcc/arm-none-eabi/4.9.3/../../../arm-none-eabi/lib/armv7-m/libc.a(lib_a-memcmp.o)
                              obj_cc2538dk/akes.o (memcmp)
/usr/lib/gcc/arm-none-eabi/4.9.3/../../../arm-none-eabi/lib/armv7-m/libc.a(lib_a-memcpy.o)
                              obj_cc2538dk/dbg-snprintf.o (memcpy)
/usr/lib/gcc/arm-none-eabi/4.9.3/../../../arm-none-eabi/lib/armv7-m/libc.a(lib_a-memmove.o)
                              obj_cc2538dk/mmem.o (memmove)
/usr/lib/gcc/arm-none-eabi/4.9.3/../../../arm-none-eabi/lib/armv7-m/libc.a(lib_a-memset.o)
                              obj_cc2538dk/gpio.o (memset)
/usr/lib/gcc/arm-none-eabi/4.9.3/../../../arm-none-eabi/lib/armv7-m/libc.a(lib_a-reent.o)
                              obj_cc2538dk/syscalls.o (errno)
/usr/lib/gcc/arm-none-eabi/4.9.3/../../../arm-none-eabi/lib/armv7-m/libc.a(lib_a-strcmp.o)
                              obj_cc2538dk/cfs-coffee.o (strcmp)
/usr/lib/gcc/arm-none-eabi/4.9.3/../../../arm-none-eabi/lib/armv7-m/libc.a(lib_a-strlen.o)
                              obj_cc2538dk/sensors.o (strlen)
/usr/lib/gcc/arm-none-eabi/4.9.3/../../../arm-none-eabi/lib/armv7-m/libc.a(lib_a-strncmp.o)
                              obj_cc2538dk/sensors.o (strncmp)
/usr/lib/gcc/arm-none-eabi/4.9.3/../../../arm-none-eabi/lib/armv7-m/libc.a(lib_a-strncpy.o)
                              obj_cc2538dk/cfs-coffee.o (strncpy)
/usr/lib/gcc/arm-none-eabi/4.9.3/../../../arm-none-eabi/lib/armv7-m/libc.a(lib_a-freer.o)
                              /usr/lib/gcc/arm-none-eabi/4.9.3/../../../arm-none-eabi/lib/armv7-m/libc.a(lib_a-reent.o) (_free_r)
/usr/lib/gcc/arm-none-eabi/4.9.3/../../../arm-none-eabi/lib/armv7-m/libc.a(lib_a-impure.o)
                              /usr/lib/gcc/arm-none-eabi/4.9.3/../../../arm-none-eabi/lib/armv7-m/libc.a(lib_a-reent.o) (_impure_ptr)
/usr/lib/gcc/arm-none-eabi/4.9.3/../../../arm-none-eabi/lib/armv7-m/libc.a(lib_a-mallocr.o)
                              /usr/lib/gcc/arm-none-eabi/4.9.3/../../../arm-none-eabi/lib/armv7-m/libc.a(lib_a-freer.o) (__malloc_current_mallinfo)
/usr/lib/gcc/arm-none-eabi/4.9.3/../../../arm-none-eabi/lib/armv7-m/libc.a(lib_a-mlock.o)
                              /usr/lib/gcc/arm-none-eabi/4.9.3/../../../arm-none-eabi/lib/armv7-m/libc.a(lib_a-freer.o) (__malloc_lock)
/usr/lib/gcc/arm-none-eabi/4.9.3/../../../arm-none-eabi/lib/armv7-m/libc.a(lib_a-sbrkr.o)
                              /usr/lib/gcc/arm-none-eabi/4.9.3/../../../arm-none-eabi/lib/armv7-m/libc.a(lib_a-freer.o) (_sbrk_r)

Allocating common symbols
Common symbol       size              file

compower_idle_activity
                    0x8               obj_cc2538dk/compower.o
last_seed           0x20              obj_cc2538dk/cc2538-mix-seeder.o
uip_ds6_timer_ra    0x8               obj_cc2538dk/uip-ds6.o
usb_setup_buffer    0x8               obj_cc2538dk/usb-core.o
uip_ds6_if          0xf8              obj_cc2538dk/uip-ds6.o
uip_ds6_netif_addr_list_offset
                    0x1               obj_cc2538dk/uip-ds6.o
uip_len             0x2               obj_cc2538dk/uip6.o
errno               0x4               /usr/lib/gcc/arm-none-eabi/4.9.3/../../../arm-none-eabi/lib/armv7-m/libc.a(lib_a-reent.o)
slip_active         0x1               obj_cc2538dk/slip.o
uip_ds6_addr_size   0x1               obj_cc2538dk/uip-ds6.o
uip_sappdata        0x4               obj_cc2538dk/uip6.o
packetbuf_addrs     0x10              obj_cc2538dk/packetbuf.o
uip_ds6_prefix_list
                    0x60              obj_cc2538dk/uip-ds6.o
uip_lladdr          0x8               obj_cc2538dk/uip6.o
uip_aligned_buf     0x8c              obj_cc2538dk/uip6.o
uip_flags           0x1               obj_cc2538dk/uip6.o
periodic_timer      0x20              obj_cc2538dk/link-stats.o
adaptivesec_group_key
                    0x10              obj_cc2538dk/adaptivesec.o
uip_ds6_timer_periodic
                    0x10              obj_cc2538dk/uip-ds6.o
uip_next_hdr        0x4               obj_cc2538dk/uip6.o
linkaddr_node_addr  0x8               obj_cc2538dk/linkaddr.o
default_instance    0x4               obj_cc2538dk/rpl-dag.o
[...]
Memory Configuration

Name             Origin             Length             Attributes
FLASH_FW         0x0000000000200000 0x000000000007ffd4 xr
FLASH_CCA        0x000000000027ffd4 0x000000000000002c xr
NRSRAM           0x0000000020000000 0x0000000000000000 xrw
FRSRAM           0x0000000020000000 0x0000000000008000 xrw
*default*        0x0000000000000000 0xffffffffffffffff

Linker script and memory map

LOAD obj_cc2538dk/startup-gcc.o
LOAD obj_cc2538dk/leds.o
LOAD obj_cc2538dk/leds-arch.o
LOAD obj_cc2538dk/my_leds.o
LOAD obj_cc2538dk/contiki-main.o
LOAD obj_cc2538dk/sensors.o
LOAD obj_cc2538dk/smartrf-sensors.o
LOAD obj_cc2538dk/button-sensor.o
LOAD obj_cc2538dk/als-sensor.o
LOAD obj_cc2538dk/soc.o
LOAD obj_cc2538dk/clock.o
LOAD obj_cc2538dk/rtimer-arch.o
LOAD obj_cc2538dk/uart.o
LOAD obj_cc2538dk/watchdog.o
LOAD obj_cc2538dk/nvic.o
LOAD obj_cc2538dk/sys-ctrl.o
LOAD obj_cc2538dk/gpio.o
LOAD obj_cc2538dk/ioc.o
LOAD obj_cc2538dk/spi.o
LOAD obj_cc2538dk/adc.o
LOAD obj_cc2538dk/crypto.o
LOAD obj_cc2538dk/aes.o
LOAD obj_cc2538dk/ecb.o
LOAD obj_cc2538dk/cbc.o
LOAD obj_cc2538dk/ctr.o
LOAD obj_cc2538dk/cbc-mac.o
LOAD obj_cc2538dk/gcm.o
LOAD obj_cc2538dk/ccm.o
LOAD obj_cc2538dk/sha256.o
LOAD obj_cc2538dk/cc2538-aes-128.o
LOAD obj_cc2538dk/cc2538-ccm-star.o
LOAD obj_cc2538dk/cc2538-rf.o
LOAD obj_cc2538dk/udma.o
LOAD obj_cc2538dk/lpm.o
LOAD obj_cc2538dk/pka.o
LOAD obj_cc2538dk/bignum-driver.o
LOAD obj_cc2538dk/ecc-driver.o
LOAD obj_cc2538dk/ecc-algorithm.o
LOAD obj_cc2538dk/ecc-curve.o
LOAD obj_cc2538dk/dbg.o
LOAD obj_cc2538dk/ieee-addr.o
LOAD obj_cc2538dk/slip-arch.o
LOAD obj_cc2538dk/slip.o
LOAD obj_cc2538dk/i2c.o
LOAD obj_cc2538dk/cc2538-temp-sensor.o
LOAD obj_cc2538dk/vdd3-sensor.o
LOAD obj_cc2538dk/cfs-coffee.o
LOAD obj_cc2538dk/cfs-coffee-arch.o
LOAD obj_cc2538dk/pwm.o
LOAD obj_cc2538dk/cc2538-sram-seeder.o
LOAD obj_cc2538dk/cc2538-mix-seeder.o
LOAD obj_cc2538dk/dbg-printf.o
LOAD obj_cc2538dk/dbg-snprintf.o
LOAD obj_cc2538dk/dbg-sprintf.o
LOAD obj_cc2538dk/strformat.o
LOAD obj_cc2538dk/usb-core.o
LOAD obj_cc2538dk/cdc-acm.o
LOAD obj_cc2538dk/usb-arch.o
LOAD obj_cc2538dk/usb-serial.o
LOAD obj_cc2538dk/cdc-acm-descriptors.o
LOAD obj_cc2538dk/akes.o
LOAD obj_cc2538dk/akes-delete.o
LOAD obj_cc2538dk/coresec-strategy.o
LOAD obj_cc2538dk/akes-trickle.o
LOAD obj_cc2538dk/noncoresec-strategy.o
LOAD obj_cc2538dk/akes-single.o
LOAD obj_cc2538dk/adaptivesec.o
LOAD obj_cc2538dk/akes-nbr.o
LOAD obj_cc2538dk/autostart.o
LOAD obj_cc2538dk/ctimer.o
LOAD obj_cc2538dk/energest.o
LOAD obj_cc2538dk/arg.o
LOAD obj_cc2538dk/stimer.o
LOAD obj_cc2538dk/etimer.o
LOAD obj_cc2538dk/compower.o
LOAD obj_cc2538dk/process.o
LOAD obj_cc2538dk/rtimer.o
LOAD obj_cc2538dk/mt.o
LOAD obj_cc2538dk/procinit.o
LOAD obj_cc2538dk/timer.o
LOAD obj_cc2538dk/serial-line.o
LOAD obj_cc2538dk/nullradio.o
LOAD obj_cc2538dk/me_tabs.o
LOAD obj_cc2538dk/csprng.o
LOAD obj_cc2538dk/settings.o
LOAD obj_cc2538dk/crc16.o
LOAD obj_cc2538dk/mmem.o
LOAD obj_cc2538dk/iq-seeder.o
LOAD obj_cc2538dk/trickle-timer.o
LOAD obj_cc2538dk/leaky-bucket.o
LOAD obj_cc2538dk/ifft.o
LOAD obj_cc2538dk/null-seeder.o
LOAD obj_cc2538dk/me.o
LOAD obj_cc2538dk/ringbufindex.o
LOAD obj_cc2538dk/ccm-star.o
LOAD obj_cc2538dk/list.o
LOAD obj_cc2538dk/gcr.o
LOAD obj_cc2538dk/aes-128.o
LOAD obj_cc2538dk/memb.o
LOAD obj_cc2538dk/print-stats.o
LOAD obj_cc2538dk/petsciiconv.o
LOAD obj_cc2538dk/random.o
LOAD obj_cc2538dk/assert.o
LOAD obj_cc2538dk/ringbuf.o
LOAD obj_cc2538dk/websocket.o
LOAD obj_cc2538dk/uip-icmp6.o
LOAD obj_cc2538dk/uip-ds6.o
LOAD obj_cc2538dk/uip-ds6-route.o
LOAD obj_cc2538dk/uip6.o
LOAD obj_cc2538dk/uip-ds6-nbr.o
LOAD obj_cc2538dk/uip-nd6.o
LOAD obj_cc2538dk/websocket-http-client.o
LOAD obj_cc2538dk/sicslowpan.o
LOAD obj_cc2538dk/slipdev.o
LOAD obj_cc2538dk/dhcpc.o
LOAD obj_cc2538dk/uip-packetqueue.o
LOAD obj_cc2538dk/tcp-socket.o
LOAD obj_cc2538dk/uiplib.o
LOAD obj_cc2538dk/ip64-addr.o
LOAD obj_cc2538dk/uip-udp-packet.o
LOAD obj_cc2538dk/psock.o
LOAD obj_cc2538dk/tcpip.o
LOAD obj_cc2538dk/resolv.o
LOAD obj_cc2538dk/uip-nameserver.o
LOAD obj_cc2538dk/uip-split.o
LOAD obj_cc2538dk/udp-socket.o
LOAD obj_cc2538dk/simple-udp.o
LOAD obj_cc2538dk/uip-debug.o
LOAD obj_cc2538dk/rpl-nbr-policy.o
LOAD obj_cc2538dk/rpl-of0.o
LOAD obj_cc2538dk/rpl-dag.o
LOAD obj_cc2538dk/rpl-timers.o
LOAD obj_cc2538dk/rpl-ext-header.o
LOAD obj_cc2538dk/rpl.o
LOAD obj_cc2538dk/rpl-mrhof.o
LOAD obj_cc2538dk/rpl-ns.o
LOAD obj_cc2538dk/rpl-icmp6.o
LOAD obj_cc2538dk/rpl-dag-root.o
LOAD obj_cc2538dk/syscalls.o
LOAD obj_cc2538dk/mtarch.o
LOAD obj_cc2538dk/queuebuf.o
LOAD obj_cc2538dk/cmd-broker.o
LOAD obj_cc2538dk/nbr-table.o
LOAD obj_cc2538dk/packetbuf.o
LOAD obj_cc2538dk/netstack.o
LOAD obj_cc2538dk/linkaddr.o
LOAD obj_cc2538dk/net-debug.o
LOAD obj_cc2538dk/link-stats.o
LOAD obj_cc2538dk/framer-nullmac.o
LOAD obj_cc2538dk/nullmac.o
LOAD obj_cc2538dk/nullrdc-noframer.o
LOAD obj_cc2538dk/nordc.o
LOAD obj_cc2538dk/frame802154e-ie.o
LOAD obj_cc2538dk/mac-sequence.o
LOAD obj_cc2538dk/framer-802154.o
LOAD obj_cc2538dk/frame802154.o
LOAD obj_cc2538dk/mac.o
LOAD obj_cc2538dk/csma.o
LOAD obj_cc2538dk/phase.o
LOAD obj_cc2538dk/nullrdc.o
LOAD obj_cc2538dk/contikimac.o
LOAD obj_cc2538dk/contikimac-framer.o
LOAD obj_cc2538dk/nullsec.o
LOAD obj_cc2538dk/anti-replay.o
LOAD obj_cc2538dk/ccm-star-packetbuf.o
LOAD border-router.co
LOAD obj_cc2538dk/slip-bridge.o
START GROUP
LOAD /usr/lib/gcc/arm-none-eabi/4.9.3/armv7-m/libgcc.a
LOAD /usr/lib/gcc/arm-none-eabi/4.9.3/../../../arm-none-eabi/lib/armv7-m/libc.a
END GROUP

.text           0x0000000000200000     0xcc50
                0x0000000000200000                _text = .
 *(SORT(.vectors))
 .vectors       0x0000000000200000      0x28c obj_cc2538dk/startup-gcc.o
                0x0000000000200000                vectors
 *(SORT(.text*))
 .text.reset_handler
                0x000000000020028c       0x40 obj_cc2538dk/startup-gcc.o
                0x000000000020028c                reset_handler
 .text.leds_init
                0x00000000002002cc       0x14 obj_cc2538dk/leds.o
                0x00000000002002cc                leds_init
 .text.leds_on  0x00000000002002e0       0x10 obj_cc2538dk/leds.o
                0x00000000002002e0                leds_on
 .text.leds_off
                0x00000000002002f0       0x14 obj_cc2538dk/leds.o
                0x00000000002002f0                leds_off
 .text.leds_arch_init
                0x0000000000200304       0x10 obj_cc2538dk/leds-arch.o
                0x0000000000200304                leds_arch_init
 .text.leds_arch_set
                0x0000000000200314        0xc obj_cc2538dk/leds-arch.o
                0x0000000000200314                leds_arch_set
 .text.startup.main
                0x0000000000200320      0x1c0 obj_cc2538dk/contiki-main.o
                0x0000000000200320                main
 .text.process_thread_sensors_process
                0x00000000002004e0       0xd4 obj_cc2538dk/sensors.o
 .text.sensors_changed
                0x00000000002005b4       0x38 obj_cc2538dk/sensors.o
                0x00000000002005b4                sensors_changed
 .text.config_up
                0x00000000002005ec       0x34 obj_cc2538dk/button-sensor.o
 .text.btn_callback
                0x0000000000200620       0x64 obj_cc2538dk/button-sensor.o
 .text.config_down
                0x0000000000200684       0x34 obj_cc2538dk/button-sensor.o
 .text.config_select
                0x00000000002006b8       0x34 obj_cc2538dk/button-sensor.o
 .text.config_left
                0x00000000002006ec       0x34 obj_cc2538dk/button-sensor.o
 .text.config_right
                0x0000000000200720       0x34 obj_cc2538dk/button-sensor.o
 .text.button_sensor_init
                0x0000000000200754        0xc obj_cc2538dk/button-sensor.o
                0x0000000000200754                button_sensor_init
 .text.value    0x0000000000200760       0x24 obj_cc2538dk/als-sensor.o
 .text.configure
                0x0000000000200784       0x54 obj_cc2538dk/als-sensor.o
 .text.soc_get_rev
                0x00000000002007d8       0x18 obj_cc2538dk/soc.o
                0x00000000002007d8                soc_get_rev
 .text.soc_get_sram_size
                0x00000000002007f0       0x1c obj_cc2538dk/soc.o
                0x00000000002007f0                soc_get_sram_size
 .text.soc_print_info
                0x000000000020080c       0x70 obj_cc2538dk/soc.o
                0x000000000020080c                soc_print_info
 .text.update_ticks
                0x000000000020087c       0x4c obj_cc2538dk/clock.o
 .text.clock_init
                0x00000000002008c8       0x4c obj_cc2538dk/clock.o
                0x00000000002008c8                clock_init
 .text.clock_time
                0x0000000000200914       0x14 obj_cc2538dk/clock.o
                0x0000000000200914                clock_time
 .text.clock_seconds
                0x0000000000200928       0x14 obj_cc2538dk/clock.o
                0x0000000000200928                clock_seconds
 .text.clock_delay_usec
                0x000000000020093c       0x1c obj_cc2538dk/clock.o
                0x000000000020093c                clock_delay_usec
 .text.clock_adjust
                0x0000000000200958       0x20 obj_cc2538dk/clock.o
                0x0000000000200958                clock_adjust
 .text.rtimer_arch_next_trigger
                0x0000000000200978        0xc obj_cc2538dk/rtimer-arch.o
                0x0000000000200978                rtimer_arch_next_trigger
 .text.rtimer_arch_now
                0x0000000000200984       0x2c obj_cc2538dk/rtimer-arch.o
                0x0000000000200984                rtimer_arch_now
 .text.rtimer_arch_schedule
                0x00000000002009b0       0x58 obj_cc2538dk/rtimer-arch.o
                0x00000000002009b0                rtimer_arch_schedule
 .text.rtimer_isr
                0x0000000000200a08       0x2c obj_cc2538dk/rtimer-arch.o
                0x0000000000200a08                rtimer_isr
 .text.permit_pm1
                0x0000000000200a34       0x24 obj_cc2538dk/uart.o
 .text.uart_isr
                0x0000000000200a58       0x64 obj_cc2538dk/uart.o
 .text.uart_init
                0x0000000000200abc      0x1b8 obj_cc2538dk/uart.o
                0x0000000000200abc                uart_init
 .text.uart_set_input
                0x0000000000200c74       0x10 obj_cc2538dk/uart.o
                0x0000000000200c74                uart_set_input
 .text.uart_write_byte
                0x0000000000200c84       0x1c obj_cc2538dk/uart.o
                0x0000000000200c84                uart_write_byte
 .text.watchdog_init
                0x0000000000200ca0        0xc obj_cc2538dk/watchdog.o
                0x0000000000200ca0                watchdog_init
 .text.watchdog_start
                0x0000000000200cac        0xc obj_cc2538dk/watchdog.o
                0x0000000000200cac                watchdog_start
 .text.watchdog_periodic
                0x0000000000200cb8       0x10 obj_cc2538dk/watchdog.o
                0x0000000000200cb8                watchdog_periodic
 .text.watchdog_reboot
                0x0000000000200cc8       0x10 obj_cc2538dk/watchdog.o
                0x0000000000200cc8                watchdog_reboot
 .text.nvic_init
                0x0000000000200cd8       0x10 obj_cc2538dk/nvic.o
                0x0000000000200cd8                nvic_init
 .text.sys_ctrl_get_reset_cause
                0x0000000000200ce8       0x10 obj_cc2538dk/sys-ctrl.o
                0x0000000000200ce8                sys_ctrl_get_reset_cause
 .text.sys_ctrl_get_reset_cause_str
                0x0000000000200cf8       0x14 obj_cc2538dk/sys-ctrl.o
                0x0000000000200cf8                sys_ctrl_get_reset_cause_str
 .text.sys_ctrl_init
                0x0000000000200d0c       0x74 obj_cc2538dk/sys-ctrl.o
                0x0000000000200d0c                sys_ctrl_init
 .text.sys_ctrl_reset
                0x0000000000200d80        0xc obj_cc2538dk/sys-ctrl.o
                0x0000000000200d80                sys_ctrl_reset
 .text.sys_ctrl_get_sys_clock
                0x0000000000200d8c       0x18 obj_cc2538dk/sys-ctrl.o
                0x0000000000200d8c                sys_ctrl_get_sys_clock
 .text.sys_ctrl_get_io_clock
                0x0000000000200da4       0x18 obj_cc2538dk/sys-ctrl.o
                0x0000000000200da4                sys_ctrl_get_io_clock
 .text.gpio_register_callback
                0x0000000000200dbc       0x10 obj_cc2538dk/gpio.o
                0x0000000000200dbc                gpio_register_callback
 .text.notify   0x0000000000200dcc       0x30 obj_cc2538dk/gpio.o
                0x0000000000200dcc                notify
 .text.gpio_port_isr
                0x0000000000200dfc       0x50 obj_cc2538dk/gpio.o
 .text.gpio_init
                0x0000000000200e4c       0x10 obj_cc2538dk/gpio.o
                0x0000000000200e4c                gpio_init
 .text.ioc_init
                0x0000000000200e5c       0x1c obj_cc2538dk/ioc.o
                0x0000000000200e5c                ioc_init
 .text.ioc_set_over
                0x0000000000200e78       0x14 obj_cc2538dk/ioc.o
                0x0000000000200e78                ioc_set_over
 .text.ioc_set_sel
                0x0000000000200e8c       0x14 obj_cc2538dk/ioc.o
                0x0000000000200e8c                ioc_set_sel
 .text.adc_init
                0x0000000000200ea0       0x10 obj_cc2538dk/adc.o
                0x0000000000200ea0                adc_init
 .text.adc_get  0x0000000000200eb0       0x78 obj_cc2538dk/adc.o
                0x0000000000200eb0                adc_get
 .text.permit_pm1
                0x0000000000200f28       0x10 obj_cc2538dk/crypto.o
 .text.crypto_isr
                0x0000000000200f38       0x28 obj_cc2538dk/crypto.o
                0x0000000000200f38                crypto_isr
 .text.crypto_enable
                0x0000000000200f60       0x20 obj_cc2538dk/crypto.o
                0x0000000000200f60                crypto_enable
 .text.crypto_init
                0x0000000000200f80       0x3c obj_cc2538dk/crypto.o
                0x0000000000200f80                crypto_init
 .text.crypto_disable
                0x0000000000200fbc       0x20 obj_cc2538dk/crypto.o
                0x0000000000200fbc                crypto_disable
 .text.crypto_register_process_notification
                0x0000000000200fdc        0xc obj_cc2538dk/crypto.o
                0x0000000000200fdc                crypto_register_process_notification
 .text.aes_load_keys
                0x0000000000200fe8      0x11c obj_cc2538dk/aes.o
                0x0000000000200fe8                aes_load_keys
 .text.aes_auth_crypt_start
                0x0000000000201104      0x144 obj_cc2538dk/aes.o
                0x0000000000201104                aes_auth_crypt_start
 .text.aes_auth_crypt_check_status
                0x0000000000201248       0x18 obj_cc2538dk/aes.o
                0x0000000000201248                aes_auth_crypt_check_status
 .text.aes_auth_crypt_get_result
                0x0000000000201260       0xbc obj_cc2538dk/aes.o
                0x0000000000201260                aes_auth_crypt_get_result
 .text.encrypt  0x000000000020131c       0x4c obj_cc2538dk/cc2538-aes-128.o
 .text.set_key  0x0000000000201368       0x34 obj_cc2538dk/cc2538-aes-128.o
 .text.set_key  0x000000000020139c        0xc obj_cc2538dk/cc2538-ccm-star.o
 .text.aead     0x00000000002013a8       0xac obj_cc2538dk/cc2538-ccm-star.o
 .text.on       0x0000000000201454       0x2c obj_cc2538dk/cc2538-rf.o
 .text.off      0x0000000000201480       0x40 obj_cc2538dk/cc2538-rf.o
 .text.set_channel
                0x00000000002014c0       0x48 obj_cc2538dk/cc2538-rf.o
 .text.channel_clear
                0x0000000000201508       0x3c obj_cc2538dk/cc2538-rf.o
 .text.receiving_packet
                0x0000000000201544       0x18 obj_cc2538dk/cc2538-rf.o
 .text.pending_packet
                0x000000000020155c       0x10 obj_cc2538dk/cc2538-rf.o
 .text.get_value
                0x000000000020156c      0x18c obj_cc2538dk/cc2538-rf.o
 .text.prepare  0x00000000002016f8       0x64 obj_cc2538dk/cc2538-rf.o
 .text.transmit
                0x000000000020175c       0x98 obj_cc2538dk/cc2538-rf.o
 .text.set_frame_filtering
                0x00000000002017f4       0x18 obj_cc2538dk/cc2538-rf.o
 .text.set_object
                0x000000000020180c       0x30 obj_cc2538dk/cc2538-rf.o
 .text.read     0x000000000020183c       0xe4 obj_cc2538dk/cc2538-rf.o
 .text.get_object
                0x0000000000201920      0x144 obj_cc2538dk/cc2538-rf.o
 .text.set_poll_mode
                0x0000000000201a64       0x9c obj_cc2538dk/cc2538-rf.o
 .text.set_value
                0x0000000000201b00       0xe8 obj_cc2538dk/cc2538-rf.o
 .text.init     0x0000000000201be8       0xc8 obj_cc2538dk/cc2538-rf.o
 .text.process_thread_cc2538_rf_process
                0x0000000000201cb0       0x90 obj_cc2538dk/cc2538-rf.o
 .text.cc2538_rf_rx_tx_isr
                0x0000000000201d40       0x24 obj_cc2538dk/cc2538-rf.o
                0x0000000000201d40                cc2538_rf_rx_tx_isr
 .text.cc2538_rf_err_isr
                0x0000000000201d64       0x28 obj_cc2538dk/cc2538-rf.o
                0x0000000000201d64                cc2538_rf_err_isr
 .text.udma_init
                0x0000000000201d8c       0x34 obj_cc2538dk/udma.o
                0x0000000000201d8c                udma_init
 .text.udma_set_channel_src
                0x0000000000201dc0       0x10 obj_cc2538dk/udma.o
                0x0000000000201dc0                udma_set_channel_src
 .text.udma_set_channel_dst
                0x0000000000201dd0       0x14 obj_cc2538dk/udma.o
                0x0000000000201dd0                udma_set_channel_dst
 .text.udma_set_channel_control_word
                0x0000000000201de4       0x14 obj_cc2538dk/udma.o
                0x0000000000201de4                udma_set_channel_control_word
 .text.udma_channel_enable
                0x0000000000201df8       0x18 obj_cc2538dk/udma.o
                0x0000000000201df8                udma_channel_enable
 .text.udma_channel_mask_set
                0x0000000000201e10       0x18 obj_cc2538dk/udma.o
                0x0000000000201e10                udma_channel_mask_set
 .text.udma_channel_sw_request
                0x0000000000201e28       0x18 obj_cc2538dk/udma.o
                0x0000000000201e28                udma_channel_sw_request
 .text.udma_channel_get_mode
                0x0000000000201e40       0x1c obj_cc2538dk/udma.o
                0x0000000000201e40                udma_channel_get_mode
 .text.udma_isr
                0x0000000000201e5c       0x10 obj_cc2538dk/udma.o
                0x0000000000201e5c                udma_isr
 .text.udma_err_isr
                0x0000000000201e6c        0xc obj_cc2538dk/udma.o
                0x0000000000201e6c                udma_err_isr
 .text.select_32_mhz_xosc
                0x0000000000201e78       0x2c obj_cc2538dk/lpm.o
 .text.select_16_mhz_rcosc
                0x0000000000201ea4       0x2c obj_cc2538dk/lpm.o
 .text.lpm_exit
                0x0000000000201ed0       0x34 obj_cc2538dk/lpm.o
                0x0000000000201ed0                lpm_exit
 .text.lpm_enter
                0x0000000000201f04       0x8c obj_cc2538dk/lpm.o
                0x0000000000201f04                lpm_enter
 .text.lpm_register_peripheral
                0x0000000000201f90       0x20 obj_cc2538dk/lpm.o
                0x0000000000201f90                lpm_register_peripheral
 .text.lpm_init
                0x0000000000201fb0       0x24 obj_cc2538dk/lpm.o
                0x0000000000201fb0                lpm_init
 .text.pka_isr  0x0000000000201fd4       0x28 obj_cc2538dk/pka.o
                0x0000000000201fd4                pka_isr
 .text.putchar  0x0000000000201ffc       0x40 obj_cc2538dk/dbg.o
                0x0000000000201ffc                putchar
 .text.ieee_addr_cpy_to
                0x000000000020203c       0x74 obj_cc2538dk/ieee-addr.o
                0x000000000020203c                ieee_addr_cpy_to
 .text.slip_arch_init
                0x00000000002020b0        0xc obj_cc2538dk/slip-arch.o
                0x00000000002020b0                slip_arch_init
 .text.process_thread_slip_process
                0x00000000002020bc      0x1c0 obj_cc2538dk/slip.o
 .text.slip_set_input_callback
                0x000000000020227c        0xc obj_cc2538dk/slip.o
                0x000000000020227c                slip_set_input_callback
 .text.slip_send
                0x0000000000202288       0x4c obj_cc2538dk/slip.o
                0x0000000000202288                slip_send
 .text.slip_input_byte
                0x00000000002022d4       0xa4 obj_cc2538dk/slip.o
                0x00000000002022d4                slip_input_byte
 .text.printf   0x0000000000202378       0x20 obj_cc2538dk/dbg-printf.o
                0x0000000000202378                printf
 .text.fill_space
                0x0000000000202398       0x34 obj_cc2538dk/strformat.o
 .text.format_str_v
                0x00000000002023cc      0x6e8 obj_cc2538dk/strformat.o
                0x00000000002023cc                format_str_v
 .text.generate_pairwise_key
                0x0000000000202ab4       0x1c obj_cc2538dk/akes.o
 .text.prepare_update_command
                0x0000000000202ad0       0xac obj_cc2538dk/akes.o
 .text.send_helloack
                0x0000000000202b7c       0x74 obj_cc2538dk/akes.o
 .text.on_helloack
                0x0000000000202bf0      0x18c obj_cc2538dk/akes.o
 .text.on_ack_sent
                0x0000000000202d7c       0x3c obj_cc2538dk/akes.o
 .text.akes_change_hello_challenge
                0x0000000000202db8        0xc obj_cc2538dk/akes.o
                0x0000000000202db8                akes_change_hello_challenge
 .text.akes_broadcast_hello
                0x0000000000202dc4       0x70 obj_cc2538dk/akes.o
                0x0000000000202dc4                akes_broadcast_hello
 .text.on_command
                0x0000000000202e34      0x248 obj_cc2538dk/akes.o
 .text.akes_send_update
                0x000000000020307c       0x24 obj_cc2538dk/akes.o
                0x000000000020307c                akes_send_update
 .text.akes_get_receiver_status
                0x00000000002030a0       0x30 obj_cc2538dk/akes.o
                0x00000000002030a0                akes_get_receiver_status
 .text.akes_init
                0x00000000002030d0       0x5c obj_cc2538dk/akes.o
                0x00000000002030d0                akes_init
 .text.process_thread_delete_process
                0x000000000020312c      0x12c obj_cc2538dk/akes-delete.o
 .text.akes_delete_on_update_sent
                0x0000000000203258        0xc obj_cc2538dk/akes-delete.o
                0x0000000000203258                akes_delete_on_update_sent
 .text.akes_delete_init
                0x0000000000203264        0xc obj_cc2538dk/akes-delete.o
                0x0000000000203264                akes_delete_init
 .text.broadcast
                0x0000000000203270       0x48 obj_cc2538dk/akes-trickle.o
 .text.on_timeout
                0x00000000002032b8       0x54 obj_cc2538dk/akes-trickle.o
 .text.on_interval_expired
                0x000000000020330c       0x70 obj_cc2538dk/akes-trickle.o
 .text.akes_trickle_on_fresh_authentic_hello
                0x000000000020337c       0x20 obj_cc2538dk/akes-trickle.o
                0x000000000020337c                akes_trickle_on_fresh_authentic_hello
 .text.akes_trickle_reset
                0x000000000020339c       0x44 obj_cc2538dk/akes-trickle.o
                0x000000000020339c                akes_trickle_reset
 .text.akes_trickle_on_new_nbr
                0x00000000002033e0       0x44 obj_cc2538dk/akes-trickle.o
                0x00000000002033e0                akes_trickle_on_new_nbr
 .text.akes_trickle_start
                0x0000000000203424       0x1c obj_cc2538dk/akes-trickle.o
                0x0000000000203424                akes_trickle_start
 .text.send     0x0000000000203440        0xc obj_cc2538dk/noncoresec-strategy.o
 .text.on_frame_created
                0x000000000020344c       0x54 obj_cc2538dk/noncoresec-strategy.o
 .text.verify   0x00000000002034a0       0x44 obj_cc2538dk/noncoresec-strategy.o
 .text.get_secret_with
                0x00000000002034e4        0x8 obj_cc2538dk/akes-single.o
 .text.parse    0x00000000002034ec        0xc obj_cc2538dk/adaptivesec.o
 .text.length   0x00000000002034f8       0x1c obj_cc2538dk/adaptivesec.o
 .text.create   0x0000000000203514       0x40 obj_cc2538dk/adaptivesec.o
 .text.init     0x0000000000203554       0x24 obj_cc2538dk/adaptivesec.o
 .text.input    0x0000000000203578       0x80 obj_cc2538dk/adaptivesec.o
 .text.adaptivesec_get_sec_lvl
                0x00000000002035f8       0x48 obj_cc2538dk/adaptivesec.o
                0x00000000002035f8                adaptivesec_get_sec_lvl
 .text.send     0x0000000000203640       0x6c obj_cc2538dk/adaptivesec.o
 .text.adaptivesec_send_command_frame
                0x00000000002036ac       0x10 obj_cc2538dk/adaptivesec.o
                0x00000000002036ac                adaptivesec_send_command_frame
 .text.adaptivesec_aead
                0x00000000002036bc       0x84 obj_cc2538dk/adaptivesec.o
                0x00000000002036bc                adaptivesec_aead
 .text.akes_nbr_get_addr
                0x0000000000203740        0xc obj_cc2538dk/akes-nbr.o
                0x0000000000203740                akes_nbr_get_addr
 .text.akes_nbr_head
                0x000000000020374c        0xc obj_cc2538dk/akes-nbr.o
                0x000000000020374c                akes_nbr_head
 .text.akes_nbr_next
                0x0000000000203758        0xc obj_cc2538dk/akes-nbr.o
                0x0000000000203758                akes_nbr_next
 .text.akes_nbr_do_prolong
                0x0000000000203764       0x1c obj_cc2538dk/akes-nbr.o
                0x0000000000203764                akes_nbr_do_prolong
 .text.akes_nbr_get_entry
                0x0000000000203780        0xc obj_cc2538dk/akes-nbr.o
                0x0000000000203780                akes_nbr_get_entry
 .text.akes_nbr_update
                0x000000000020378c       0xfc obj_cc2538dk/akes-nbr.o
                0x000000000020378c                akes_nbr_update
 .text.akes_nbr_delete
                0x0000000000203888       0x4c obj_cc2538dk/akes-nbr.o
                0x0000000000203888                akes_nbr_delete
 .text.akes_nbr_new
                0x00000000002038d4       0xe0 obj_cc2538dk/akes-nbr.o
                0x00000000002038d4                akes_nbr_new
 .text.akes_nbr_init
                0x00000000002039b4       0x28 obj_cc2538dk/akes-nbr.o
                0x00000000002039b4                akes_nbr_init
 .text.process_thread_ctimer_process
                0x00000000002039dc       0x80 obj_cc2538dk/ctimer.o
 .text.ctimer_init
                0x0000000000203a5c       0x28 obj_cc2538dk/ctimer.o
                0x0000000000203a5c                ctimer_init
 .text.ctimer_set_with_process
                0x0000000000203a84       0x44 obj_cc2538dk/ctimer.o
                0x0000000000203a84                ctimer_set_with_process
 .text.ctimer_set
                0x0000000000203ac8       0x14 obj_cc2538dk/ctimer.o
                0x0000000000203ac8                ctimer_set
 .text.ctimer_reset
                0x0000000000203adc       0x38 obj_cc2538dk/ctimer.o
                0x0000000000203adc                ctimer_reset
 .text.ctimer_restart
                0x0000000000203b14       0x38 obj_cc2538dk/ctimer.o
                0x0000000000203b14                ctimer_restart
 .text.ctimer_stop
                0x0000000000203b4c       0x2c obj_cc2538dk/ctimer.o
                0x0000000000203b4c                ctimer_stop
 .text.ctimer_expired
                0x0000000000203b78       0x34 obj_cc2538dk/ctimer.o
                0x0000000000203b78                ctimer_expired
 .text.stimer_expired
                0x0000000000203bac       0x20 obj_cc2538dk/stimer.o
                0x0000000000203bac                stimer_expired
 .text.update_time
                0x0000000000203bcc       0x44 obj_cc2538dk/etimer.o
 .text.etimer_request_poll
                0x0000000000203c10        0xc obj_cc2538dk/etimer.o
                0x0000000000203c10                etimer_request_poll
 .text.process_thread_etimer_process
                0x0000000000203c1c       0x94 obj_cc2538dk/etimer.o
 .text.add_timer
                0x0000000000203cb0       0x40 obj_cc2538dk/etimer.o
 .text.etimer_pending
                0x0000000000203cf0       0x10 obj_cc2538dk/etimer.o
                0x0000000000203cf0                etimer_pending
 .text.etimer_stop
                0x0000000000203d00       0x34 obj_cc2538dk/etimer.o
                0x0000000000203d00                etimer_stop
 .text.call_process.part.0
                0x0000000000203d34       0x38 obj_cc2538dk/process.o
 .text.exit_process
                0x0000000000203d6c       0x80 obj_cc2538dk/process.o
 .text.do_poll  0x0000000000203dec       0x30 obj_cc2538dk/process.o
 .text.process_alloc_event
                0x0000000000203e1c       0x10 obj_cc2538dk/process.o
                0x0000000000203e1c                process_alloc_event
 .text.process_init
                0x0000000000203e2c       0x30 obj_cc2538dk/process.o
                0x0000000000203e2c                process_init
 .text.process_run
                0x0000000000203e5c       0x84 obj_cc2538dk/process.o
                0x0000000000203e5c                process_run
 .text.process_nevents
                0x0000000000203ee0       0x14 obj_cc2538dk/process.o
                0x0000000000203ee0                process_nevents
 .text.process_post
                0x0000000000203ef4       0x3c obj_cc2538dk/process.o
                0x0000000000203ef4                process_post
 .text.process_post_synch
                0x0000000000203f30       0x14 obj_cc2538dk/process.o
                0x0000000000203f30                process_post_synch
 .text.process_start
                0x0000000000203f44       0x30 obj_cc2538dk/process.o
                0x0000000000203f44                process_start
 .text.process_poll
                0x0000000000203f74       0x18 obj_cc2538dk/process.o
                0x0000000000203f74                process_poll
 .text.rtimer_set
                0x0000000000203f8c       0x24 obj_cc2538dk/rtimer.o
                0x0000000000203f8c                rtimer_set
 .text.rtimer_run_next
                0x0000000000203fb0       0x28 obj_cc2538dk/rtimer.o
                0x0000000000203fb0                rtimer_run_next
 .text.process_thread_serial_line_process
                0x0000000000203fd8       0x98 obj_cc2538dk/serial-line.o
 .text.serial_line_input_byte
                0x0000000000204070       0x44 obj_cc2538dk/serial-line.o
                0x0000000000204070                serial_line_input_byte
 .text.serial_line_init
                0x00000000002040b4       0x24 obj_cc2538dk/serial-line.o
                0x00000000002040b4                serial_line_init
 .text.csprng_rand
                0x00000000002040d8       0x40 obj_cc2538dk/csprng.o
                0x00000000002040d8                csprng_rand
 .text.csprng_init
                0x0000000000204118       0x10 obj_cc2538dk/csprng.o
                0x0000000000204118                csprng_init
 .text.seed_16_bytes
                0x0000000000204128       0xdc obj_cc2538dk/iq-seeder.o
 .text.random_rand
                0x0000000000204204       0x20 obj_cc2538dk/random.o
                0x0000000000204204                random_rand
 .text.random_init
                0x0000000000204224       0x78 obj_cc2538dk/random.o
                0x0000000000204224                random_init
 .text.echo_reply_input
                0x000000000020429c       0x94 obj_cc2538dk/uip-icmp6.o
 .text.echo_request_input
                0x0000000000204330       0xc8 obj_cc2538dk/uip-icmp6.o
 .text.uip_icmp6_input
                0x00000000002043f8       0x38 obj_cc2538dk/uip-icmp6.o
                0x00000000002043f8                uip_icmp6_input
 .text.uip_icmp6_register_input_handler
                0x0000000000204430        0xc obj_cc2538dk/uip-icmp6.o
                0x0000000000204430                uip_icmp6_register_input_handler
 .text.uip_icmp6_error_output
                0x000000000020443c      0x144 obj_cc2538dk/uip-icmp6.o
                0x000000000020443c                uip_icmp6_error_output
 .text.uip_icmp6_send
                0x0000000000204580       0x8c obj_cc2538dk/uip-icmp6.o
                0x0000000000204580                uip_icmp6_send
 .text.uip_icmp6_init
                0x000000000020460c       0x1c obj_cc2538dk/uip-icmp6.o
                0x000000000020460c                uip_icmp6_init
 .text.uip_ds6_prefix_add
                0x0000000000204628       0x64 obj_cc2538dk/uip-ds6.o
                0x0000000000204628                uip_ds6_prefix_add
 .text.uip_ds6_is_addr_onlink
                0x000000000020468c       0x40 obj_cc2538dk/uip-ds6.o
                0x000000000020468c                uip_ds6_is_addr_onlink
 .text.uip_ds6_addr_lookup
                0x00000000002046cc       0x2c obj_cc2538dk/uip-ds6.o
                0x00000000002046cc                uip_ds6_addr_lookup
 .text.uip_ds6_get_link_local
                0x00000000002046f8       0x40 obj_cc2538dk/uip-ds6.o
                0x00000000002046f8                uip_ds6_get_link_local
 .text.uip_ds6_maddr_add
                0x0000000000204738       0x4c obj_cc2538dk/uip-ds6.o
                0x0000000000204738                uip_ds6_maddr_add
 .text.uip_ds6_addr_add
                0x0000000000204784       0x94 obj_cc2538dk/uip-ds6.o
                0x0000000000204784                uip_ds6_addr_add
 .text.uip_ds6_maddr_lookup
                0x0000000000204818       0x2c obj_cc2538dk/uip-ds6.o
                0x0000000000204818                uip_ds6_maddr_lookup
 .text.uip_ds6_addr_rm
                0x0000000000204844       0x44 obj_cc2538dk/uip-ds6.o
                0x0000000000204844                uip_ds6_addr_rm
 .text.uip_ds6_periodic
                0x0000000000204888       0x4c obj_cc2538dk/uip-ds6.o
                0x0000000000204888                uip_ds6_periodic
 .text.uip_ds6_select_src
                0x00000000002048d4       0x94 obj_cc2538dk/uip-ds6.o
                0x00000000002048d4                uip_ds6_select_src
 .text.uip_ds6_compute_reachable_time
                0x0000000000204968       0x28 obj_cc2538dk/uip-ds6.o
                0x0000000000204968                uip_ds6_compute_reachable_time
 .text.uip_ds6_init
                0x0000000000204990       0xe0 obj_cc2538dk/uip-ds6.o
                0x0000000000204990                uip_ds6_init
 .text.call_route_callback
                0x0000000000204a70       0x48 obj_cc2538dk/uip-ds6-route.o
 .text.uip_ds6_route_init
                0x0000000000204ab8       0x4c obj_cc2538dk/uip-ds6-route.o
                0x0000000000204ab8                uip_ds6_route_init
 .text.uip_ds6_route_nexthop
                0x0000000000204b04       0x20 obj_cc2538dk/uip-ds6-route.o
                0x0000000000204b04                uip_ds6_route_nexthop
 .text.uip_ds6_route_head
                0x0000000000204b24        0xc obj_cc2538dk/uip-ds6-route.o
                0x0000000000204b24                uip_ds6_route_head
 .text.uip_ds6_route_is_nexthop
                0x0000000000204b30       0x20 obj_cc2538dk/uip-ds6-route.o
                0x0000000000204b30                uip_ds6_route_is_nexthop
 .text.uip_ds6_route_lookup
                0x0000000000204b50       0x64 obj_cc2538dk/uip-ds6-route.o
                0x0000000000204b50                uip_ds6_route_lookup
 .text.uip_ds6_route_rm
                0x0000000000204bb4       0x9c obj_cc2538dk/uip-ds6-route.o
                0x0000000000204bb4                uip_ds6_route_rm
 .text.rm_routelist
                0x0000000000204c50       0x30 obj_cc2538dk/uip-ds6-route.o
 .text.uip_ds6_route_add
                0x0000000000204c80      0x108 obj_cc2538dk/uip-ds6-route.o
                0x0000000000204c80                uip_ds6_route_add
 .text.uip_ds6_defrt_rm
                0x0000000000204d88       0x44 obj_cc2538dk/uip-ds6-route.o
                0x0000000000204d88                uip_ds6_defrt_rm
 .text.uip_ds6_defrt_lookup
                0x0000000000204dcc       0x2c obj_cc2538dk/uip-ds6-route.o
                0x0000000000204dcc                uip_ds6_defrt_lookup
 .text.uip_ds6_defrt_add
                0x0000000000204df8       0x64 obj_cc2538dk/uip-ds6-route.o
                0x0000000000204df8                uip_ds6_defrt_add
 .text.uip_ds6_defrt_choose
                0x0000000000204e5c       0x30 obj_cc2538dk/uip-ds6-route.o
                0x0000000000204e5c                uip_ds6_defrt_choose
 .text.uip_ds6_defrt_periodic
                0x0000000000204e8c       0x30 obj_cc2538dk/uip-ds6-route.o
                0x0000000000204e8c                uip_ds6_defrt_periodic
 .text.ext_hdr_options_process
                0x0000000000204ebc       0xac obj_cc2538dk/uip6.o
 .text.uip_icmp6chksum
                0x0000000000204f68       0x54 obj_cc2538dk/uip6.o
                0x0000000000204f68                uip_icmp6chksum
 .text.uip_init
                0x0000000000204fbc       0x1c obj_cc2538dk/uip6.o
                0x0000000000204fbc                uip_init
 .text.remove_ext_hdr
                0x0000000000204fd8       0x5c obj_cc2538dk/uip6.o
                0x0000000000204fd8                remove_ext_hdr
 .text.uip_process
                0x0000000000205034      0x2c4 obj_cc2538dk/uip6.o
                0x0000000000205034                uip_process
 .text.uip_ds6_nbr_rm
                0x00000000002052f8       0x20 obj_cc2538dk/uip-ds6-nbr.o
                0x00000000002052f8                uip_ds6_nbr_rm
 .text.uip_ds6_neighbors_init
                0x0000000000205318       0x1c obj_cc2538dk/uip-ds6-nbr.o
                0x0000000000205318                uip_ds6_neighbors_init
 .text.uip_ds6_nbr_add
                0x0000000000205334       0x3c obj_cc2538dk/uip-ds6-nbr.o
                0x0000000000205334                uip_ds6_nbr_add
 .text.uip_ds6_nbr_get_ll
                0x0000000000205370       0x10 obj_cc2538dk/uip-ds6-nbr.o
                0x0000000000205370                uip_ds6_nbr_get_ll
 .text.uip_ds6_nbr_lookup
                0x0000000000205380       0x38 obj_cc2538dk/uip-ds6-nbr.o
                0x0000000000205380                uip_ds6_nbr_lookup
 .text.uip_ds6_nbr_ll_lookup
                0x00000000002053b8       0x10 obj_cc2538dk/uip-ds6-nbr.o
                0x00000000002053b8                uip_ds6_nbr_ll_lookup
 .text.uip_ds6_link_neighbor_callback
                0x00000000002053c8       0x34 obj_cc2538dk/uip-ds6-nbr.o
                0x00000000002053c8                uip_ds6_link_neighbor_callback
 .text.ns_input
                0x00000000002053fc      0x268 obj_cc2538dk/uip-nd6.o
 .text.uip_nd6_init
                0x0000000000205664        0xc obj_cc2538dk/uip-nd6.o
                0x0000000000205664                uip_nd6_init
 .text.clear_fragments
                0x0000000000205670       0x3c obj_cc2538dk/sicslowpan.o
 .text.sicslowpan_init
                0x00000000002056ac       0x24 obj_cc2538dk/sicslowpan.o
                0x00000000002056ac                sicslowpan_init
 .text.compress_addr_64
                0x00000000002056d0       0x90 obj_cc2538dk/sicslowpan.o
 .text.set_packet_attrs
                0x0000000000205760       0x44 obj_cc2538dk/sicslowpan.o
 .text.addr_context_lookup_by_prefix
                0x00000000002057a4       0x28 obj_cc2538dk/sicslowpan.o
 .text.send_packet
                0x00000000002057cc       0x24 obj_cc2538dk/sicslowpan.o
 .text.packet_sent
                0x00000000002057f0       0x28 obj_cc2538dk/sicslowpan.o
 .text.store_fragment
                0x0000000000205818       0x58 obj_cc2538dk/sicslowpan.o
 .text.uncompress_addr
                0x0000000000205870       0xa4 obj_cc2538dk/sicslowpan.o
 .text.output   0x0000000000205914      0x69c obj_cc2538dk/sicslowpan.o
 .text.add_fragment
                0x0000000000205fb0      0x124 obj_cc2538dk/sicslowpan.o
 .text.input    0x00000000002060d4      0x5ac obj_cc2538dk/sicslowpan.o
 .text.tcpip_output
                0x0000000000206680       0x10 obj_cc2538dk/tcpip.o
                0x0000000000206680                tcpip_output
 .text.tcpip_set_outputfunc
                0x0000000000206690        0xc obj_cc2538dk/tcpip.o
                0x0000000000206690                tcpip_set_outputfunc
 .text.tcpip_icmp6_call
                0x000000000020669c       0x28 obj_cc2538dk/tcpip.o
                0x000000000020669c                tcpip_icmp6_call
 .text.tcpip_input
                0x00000000002066c4       0x24 obj_cc2538dk/tcpip.o
                0x00000000002066c4                tcpip_input
 .text.tcpip_ipv6_output
                0x00000000002066e8       0xe4 obj_cc2538dk/tcpip.o
                0x00000000002066e8                tcpip_ipv6_output
 .text.process_thread_tcpip_process
                0x00000000002067cc       0xa8 obj_cc2538dk/tcpip.o
 .text.uip_debug_ipaddr_print
                0x0000000000206874       0xa0 obj_cc2538dk/uip-debug.o
                0x0000000000206874                uip_debug_ipaddr_print
 .text.update_nbr
                0x0000000000206914      0x10c obj_cc2538dk/rpl-nbr-policy.o
 .text.handle_periodic_timer
                0x0000000000206a20       0x14 obj_cc2538dk/rpl-nbr-policy.o
 .text.find_removable_dis
                0x0000000000206a34       0x20 obj_cc2538dk/rpl-nbr-policy.o
                0x0000000000206a34                find_removable_dis
 .text.find_removable_dio
                0x0000000000206a54       0x40 obj_cc2538dk/rpl-nbr-policy.o
                0x0000000000206a54                find_removable_dio
 .text.find_removable_dao
                0x0000000000206a94       0x38 obj_cc2538dk/rpl-nbr-policy.o
                0x0000000000206a94                find_removable_dao
 .text.rpl_nbr_policy_find_removable
                0x0000000000206acc       0x3c obj_cc2538dk/rpl-nbr-policy.o
                0x0000000000206acc                rpl_nbr_policy_find_removable
 .text.rpl_set_preferred_parent
                0x0000000000206b08       0x28 obj_cc2538dk/rpl-dag.o
 .text.set_ip_from_prefix
                0x0000000000206b30       0x2c obj_cc2538dk/rpl-dag.o
 .text.find_parent_any_dag_any_instance
                0x0000000000206b5c       0x1c obj_cc2538dk/rpl-dag.o
 .text.rpl_dag_init
                0x0000000000206b78       0x14 obj_cc2538dk/rpl-dag.o
                0x0000000000206b78                rpl_dag_init
 .text.rpl_get_parent
                0x0000000000206b8c       0x10 obj_cc2538dk/rpl-dag.o
                0x0000000000206b8c                rpl_get_parent
 .text.rpl_get_parent_lladdr
                0x0000000000206b9c       0x10 obj_cc2538dk/rpl-dag.o
                0x0000000000206b9c                rpl_get_parent_lladdr
 .text.best_parent
                0x0000000000206bac       0x7c obj_cc2538dk/rpl-dag.o
 .text.rpl_alloc_instance
                0x0000000000206c28       0x34 obj_cc2538dk/rpl-dag.o
                0x0000000000206c28                rpl_alloc_instance
 .text.rpl_add_parent
                0x0000000000206c5c       0x30 obj_cc2538dk/rpl-dag.o
                0x0000000000206c5c                rpl_add_parent
 .text.rpl_remove_parent
                0x0000000000206c8c       0x1c obj_cc2538dk/rpl-dag.o
                0x0000000000206c8c                rpl_remove_parent
 .text.remove_parents.constprop.6
                0x0000000000206ca8       0x2c obj_cc2538dk/rpl-dag.o
 .text.rpl_get_dag
                0x0000000000206cd4       0x3c obj_cc2538dk/rpl-dag.o
                0x0000000000206cd4                rpl_get_dag
 .text.rpl_get_any_dag
                0x0000000000206d10       0x18 obj_cc2538dk/rpl-dag.o
                0x0000000000206d10                rpl_get_any_dag
 .text.rpl_get_instance
                0x0000000000206d28       0x20 obj_cc2538dk/rpl-dag.o
                0x0000000000206d28                rpl_get_instance
 .text.rpl_find_of
                0x0000000000206d48       0x14 obj_cc2538dk/rpl-dag.o
                0x0000000000206d48                rpl_find_of
 .text.rpl_set_root
                0x0000000000206d5c      0x114 obj_cc2538dk/rpl-dag.o
                0x0000000000206d5c                rpl_set_root
 .text.rpl_join_instance
                0x0000000000206e70      0x140 obj_cc2538dk/rpl-dag.o
                0x0000000000206e70                rpl_join_instance
 .text.rpl_local_repair
                0x0000000000206fb0       0x78 obj_cc2538dk/rpl-dag.o
                0x0000000000206fb0                rpl_local_repair
 .text.rpl_recalculate_ranks
                0x0000000000207028       0x3c obj_cc2538dk/rpl-dag.o
                0x0000000000207028                rpl_recalculate_ranks
 .text.new_dio_interval
                0x0000000000207064       0x58 obj_cc2538dk/rpl-timers.o
 .text.handle_periodic_timer
                0x00000000002070bc       0x4c obj_cc2538dk/rpl-timers.o
 .text.set_dao_lifetime_timer
                0x0000000000207108       0x44 obj_cc2538dk/rpl-timers.o
 .text.handle_dio_timer
                0x000000000020714c       0x80 obj_cc2538dk/rpl-timers.o
 .text.schedule_dao
                0x00000000002071cc       0x54 obj_cc2538dk/rpl-timers.o
 .text.handle_dao_timer
                0x0000000000207220       0x58 obj_cc2538dk/rpl-timers.o
 .text.rpl_reset_periodic_timer
                0x0000000000207278       0x34 obj_cc2538dk/rpl-timers.o
                0x0000000000207278                rpl_reset_periodic_timer
 .text.rpl_schedule_unicast_dio_immediately
                0x00000000002072ac       0x14 obj_cc2538dk/rpl-timers.o
                0x00000000002072ac                rpl_schedule_unicast_dio_immediately
 .text.get_probing_target
                0x00000000002072c0       0xd4 obj_cc2538dk/rpl-timers.o
                0x00000000002072c0                get_probing_target
 .text.rpl_schedule_probing
                0x0000000000207394       0x20 obj_cc2538dk/rpl-timers.o
                0x0000000000207394                rpl_schedule_probing
 .text.update_hbh_header
                0x00000000002073b4       0xc4 obj_cc2538dk/rpl-ext-header.o
 .text.insert_hbh_header
                0x0000000000207478       0xac obj_cc2538dk/rpl-ext-header.o
 .text.rpl_verify_hbh_header
                0x0000000000207524      0x100 obj_cc2538dk/rpl-ext-header.o
                0x0000000000207524                rpl_verify_hbh_header
 .text.rpl_remove_header
                0x0000000000207624       0x7c obj_cc2538dk/rpl-ext-header.o
                0x0000000000207624                rpl_remove_header
 .text.rpl_update_header
                0x00000000002076a0       0x70 obj_cc2538dk/rpl-ext-header.o
                0x00000000002076a0                rpl_update_header
 .text.rpl_get_mode
                0x0000000000207710        0xc obj_cc2538dk/rpl.o
                0x0000000000207710                rpl_get_mode
 .text.rpl_purge_routes
                0x000000000020771c       0x68 obj_cc2538dk/rpl.o
                0x000000000020771c                rpl_purge_routes
 .text.rpl_link_neighbor_callback
                0x0000000000207784       0x54 obj_cc2538dk/rpl.o
                0x0000000000207784                rpl_link_neighbor_callback
 .text.rpl_ipv6_neighbor_callback
                0x00000000002077d8       0x28 obj_cc2538dk/rpl.o
                0x00000000002077d8                rpl_ipv6_neighbor_callback
 .text.rpl_purge_dags
                0x0000000000207800       0x3c obj_cc2538dk/rpl.o
                0x0000000000207800                rpl_purge_dags
 .text.rpl_init
                0x000000000020783c       0x4c obj_cc2538dk/rpl.o
                0x000000000020783c                rpl_init
 .text.dao_ack_input
                0x0000000000207888       0x14 obj_cc2538dk/rpl-icmp6.o
 .text.dio_input
                0x000000000020789c      0x254 obj_cc2538dk/rpl-icmp6.o
 .text.dao_input
                0x0000000000207af0      0x280 obj_cc2538dk/rpl-icmp6.o
 .text.dis_output
                0x0000000000207d70       0x54 obj_cc2538dk/rpl-icmp6.o
                0x0000000000207d70                dis_output
 .text.dio_output
                0x0000000000207dc4      0x218 obj_cc2538dk/rpl-icmp6.o
                0x0000000000207dc4                dio_output
 .text.dis_input
                0x0000000000207fdc       0x50 obj_cc2538dk/rpl-icmp6.o
 .text.dao_output_target
                0x000000000020802c      0x100 obj_cc2538dk/rpl-icmp6.o
                0x000000000020802c                dao_output_target
 .text.dao_output
                0x000000000020812c       0x90 obj_cc2538dk/rpl-icmp6.o
                0x000000000020812c                dao_output
 .text.rpl_icmp6_register_handlers
                0x00000000002081bc       0x30 obj_cc2538dk/rpl-icmp6.o
                0x00000000002081bc                rpl_icmp6_register_handlers
 .text.queuebuf_init
                0x00000000002081ec       0x1c obj_cc2538dk/queuebuf.o
                0x00000000002081ec                queuebuf_init
 .text.queuebuf_numfree
                0x0000000000208208        0xc obj_cc2538dk/queuebuf.o
                0x0000000000208208                queuebuf_numfree
 .text.queuebuf_new_from_packetbuf
                0x0000000000208214       0x44 obj_cc2538dk/queuebuf.o
                0x0000000000208214                queuebuf_new_from_packetbuf
 .text.queuebuf_free
                0x0000000000208258       0x2c obj_cc2538dk/queuebuf.o
                0x0000000000208258                queuebuf_free
 .text.queuebuf_to_packetbuf
                0x0000000000208284       0x30 obj_cc2538dk/queuebuf.o
                0x0000000000208284                queuebuf_to_packetbuf
 .text.cmd_broker_subscribe
                0x00000000002082b4        0xc obj_cc2538dk/cmd-broker.o
                0x00000000002082b4                cmd_broker_subscribe
 .text.cmd_broker_publish
                0x00000000002082c0       0x2c obj_cc2538dk/cmd-broker.o
                0x00000000002082c0                cmd_broker_publish
 .text.cmd_broker_init
                0x00000000002082ec        0xc obj_cc2538dk/cmd-broker.o
                0x00000000002082ec                cmd_broker_init
 .text.key_from_index
                0x00000000002082f8       0x18 obj_cc2538dk/nbr-table.o
 .text.index_from_key
                0x0000000000208310       0x20 obj_cc2538dk/nbr-table.o
 .text.index_from_lladdr
                0x0000000000208330       0x40 obj_cc2538dk/nbr-table.o
 .text.nbr_get_bit.constprop.0
                0x0000000000208370       0x30 obj_cc2538dk/nbr-table.o
 .text.remove_key
                0x00000000002083a0       0x58 obj_cc2538dk/nbr-table.o
 .text.nbr_table_register
                0x00000000002083f8       0x28 obj_cc2538dk/nbr-table.o
                0x00000000002083f8                nbr_table_register
 .text.nbr_table_head
                0x0000000000208420       0x34 obj_cc2538dk/nbr-table.o
                0x0000000000208420                nbr_table_head
 .text.nbr_table_add_lladdr
                0x0000000000208454      0x124 obj_cc2538dk/nbr-table.o
                0x0000000000208454                nbr_table_add_lladdr
 .text.nbr_table_remove
                0x0000000000208578       0x2c obj_cc2538dk/nbr-table.o
                0x0000000000208578                nbr_table_remove
 .text.nbr_table_lock
                0x00000000002085a4       0x14 obj_cc2538dk/nbr-table.o
                0x00000000002085a4                nbr_table_lock
 .text.nbr_table_unlock
                0x00000000002085b8       0x14 obj_cc2538dk/nbr-table.o
                0x00000000002085b8                nbr_table_unlock
 .text.packetbuf_hdrreduce
                0x00000000002085cc       0x2c obj_cc2538dk/packetbuf.o
                0x00000000002085cc                packetbuf_hdrreduce
 .text.packetbuf_set_datalen
                0x00000000002085f8        0xc obj_cc2538dk/packetbuf.o
                0x00000000002085f8                packetbuf_set_datalen
 .text.packetbuf_hdrptr
                0x0000000000208604        0x8 obj_cc2538dk/packetbuf.o
                0x0000000000208604                packetbuf_hdrptr
 .text.packetbuf_datalen
                0x000000000020860c        0xc obj_cc2538dk/packetbuf.o
                0x000000000020860c                packetbuf_datalen
 .text.packetbuf_hdrlen
                0x0000000000208618       0x18 obj_cc2538dk/packetbuf.o
                0x0000000000208618                packetbuf_hdrlen
 .text.packetbuf_compact
                0x0000000000208630       0x4c obj_cc2538dk/packetbuf.o
                0x0000000000208630                packetbuf_compact
 .text.packetbuf_dataptr
                0x000000000020867c       0x10 obj_cc2538dk/packetbuf.o
                0x000000000020867c                packetbuf_dataptr
 .text.packetbuf_copyto
                0x000000000020868c       0x40 obj_cc2538dk/packetbuf.o
                0x000000000020868c                packetbuf_copyto
 .text.packetbuf_totlen
                0x00000000002086cc       0x14 obj_cc2538dk/packetbuf.o
                0x00000000002086cc                packetbuf_totlen
 .text.packetbuf_hdralloc
                0x00000000002086e0       0x3c obj_cc2538dk/packetbuf.o
                0x00000000002086e0                packetbuf_hdralloc
 .text.packetbuf_attr_clear
                0x000000000020871c       0x34 obj_cc2538dk/packetbuf.o
                0x000000000020871c                packetbuf_attr_clear
 .text.packetbuf_clear
                0x0000000000208750       0x20 obj_cc2538dk/packetbuf.o
                0x0000000000208750                packetbuf_clear
 .text.packetbuf_copyfrom
                0x0000000000208770       0x2c obj_cc2538dk/packetbuf.o
                0x0000000000208770                packetbuf_copyfrom
 .text.packetbuf_attr_copyto
                0x000000000020879c       0x34 obj_cc2538dk/packetbuf.o
                0x000000000020879c                packetbuf_attr_copyto
 .text.packetbuf_attr_copyfrom
                0x00000000002087d0       0x34 obj_cc2538dk/packetbuf.o
                0x00000000002087d0                packetbuf_attr_copyfrom
 .text.packetbuf_set_attr
                0x0000000000208804       0x10 obj_cc2538dk/packetbuf.o
                0x0000000000208804                packetbuf_set_attr
 .text.packetbuf_attr
                0x0000000000208814        0xc obj_cc2538dk/packetbuf.o
                0x0000000000208814                packetbuf_attr
 .text.packetbuf_set_addr
                0x0000000000208820       0x18 obj_cc2538dk/packetbuf.o
                0x0000000000208820                packetbuf_set_addr
 .text.packetbuf_addr
                0x0000000000208838       0x10 obj_cc2538dk/packetbuf.o
                0x0000000000208838                packetbuf_addr
 .text.packetbuf_holds_broadcast
                0x0000000000208848       0x10 obj_cc2538dk/packetbuf.o
                0x0000000000208848                packetbuf_holds_broadcast
 .text.netstack_init
                0x0000000000208858       0x38 obj_cc2538dk/netstack.o
                0x0000000000208858                netstack_init
 .text.periodic
                0x0000000000208890       0x2c obj_cc2538dk/link-stats.o
 .text.link_stats_from_lladdr
                0x00000000002088bc        0xc obj_cc2538dk/link-stats.o
                0x00000000002088bc                link_stats_from_lladdr
 .text.link_stats_packet_sent
                0x00000000002088c8       0x78 obj_cc2538dk/link-stats.o
                0x00000000002088c8                link_stats_packet_sent
 .text.link_stats_input_callback
                0x0000000000208940       0x4c obj_cc2538dk/link-stats.o
                0x0000000000208940                link_stats_input_callback
 .text.link_stats_init
                0x000000000020898c       0x28 obj_cc2538dk/link-stats.o
                0x000000000020898c                link_stats_init
 .text.frame802154_get_pan_id
                0x00000000002089b4        0xc obj_cc2538dk/frame802154.o
                0x00000000002089b4                frame802154_get_pan_id
 .text.frame802154_parse
                0x00000000002089c0      0x12c obj_cc2538dk/frame802154.o
                0x00000000002089c0                frame802154_parse
 .text.input_packet
                0x0000000000208aec        0xc obj_cc2538dk/csma.o
 .text.on       0x0000000000208af8        0xc obj_cc2538dk/csma.o
 .text.off      0x0000000000208b04        0xc obj_cc2538dk/csma.o
 .text.channel_check_interval
                0x0000000000208b10       0x10 obj_cc2538dk/csma.o
 .text.transmit_packet_list
                0x0000000000208b20       0x30 obj_cc2538dk/csma.o
 .text.schedule_transmission
                0x0000000000208b50       0x4c obj_cc2538dk/csma.o
 .text.send_packet
                0x0000000000208b9c      0x108 obj_cc2538dk/csma.o
 .text.init     0x0000000000208ca4       0x24 obj_cc2538dk/csma.o
 .text.tx_done  0x0000000000208cc8       0x88 obj_cc2538dk/csma.o
 .text.send_packet
                0x0000000000208d50       0x3c obj_cc2538dk/phase.o
 .text.phase_update
                0x0000000000208d8c       0x70 obj_cc2538dk/phase.o
                0x0000000000208d8c                phase_update
 .text.phase_wait
                0x0000000000208dfc       0xd0 obj_cc2538dk/phase.o
                0x0000000000208dfc                phase_wait
 .text.phase_init
                0x0000000000208ecc       0x1c obj_cc2538dk/phase.o
                0x0000000000208ecc                phase_init
 .text.init     0x0000000000208ee8       0x44 obj_cc2538dk/contikimac.o
 .text.on       0x0000000000208f2c       0x2c obj_cc2538dk/contikimac.o
 .text.off      0x0000000000208f58       0x38 obj_cc2538dk/contikimac.o
 .text.recv_burst_off
                0x0000000000208f90       0x14 obj_cc2538dk/contikimac.o
 .text.powercycle_turn_radio_off
                0x0000000000208fa4       0x1c obj_cc2538dk/contikimac.o
 .text.turn_off
                0x0000000000208fc0       0x38 obj_cc2538dk/contikimac.o
 .text.turn_on  0x0000000000208ff8       0x40 obj_cc2538dk/contikimac.o
 .text.schedule_powercycle_fixed
                0x0000000000209038       0x34 obj_cc2538dk/contikimac.o
 .text.input_packet
                0x000000000020906c       0x9c obj_cc2538dk/contikimac.o
 .text.send_packet
                0x0000000000209108      0x270 obj_cc2538dk/contikimac.o
 .text.qsend_list
                0x0000000000209378       0xe0 obj_cc2538dk/contikimac.o
 .text.powercycle_wrapper
                0x0000000000209458      0x1ec obj_cc2538dk/contikimac.o
 .text.hdr_length
                0x0000000000209644       0x10 obj_cc2538dk/contikimac-framer.o
 .text.parse    0x0000000000209654       0x38 obj_cc2538dk/contikimac-framer.o
 .text.create   0x000000000020968c       0x64 obj_cc2538dk/contikimac-framer.o
 .text.anti_replay_set_counter
                0x00000000002096f0       0x40 obj_cc2538dk/anti-replay.o
                0x00000000002096f0                anti_replay_set_counter
 .text.anti_replay_init_info
                0x0000000000209730       0x18 obj_cc2538dk/anti-replay.o
                0x0000000000209730                anti_replay_init_info
 .text.ccm_star_packetbuf_set_nonce
                0x0000000000209748       0x58 obj_cc2538dk/ccm-star-packetbuf.o
                0x0000000000209748                ccm_star_packetbuf_set_nonce
 .text.request_prefix
                0x00000000002097a0       0x2c border-router.co
                0x00000000002097a0                request_prefix
 .text.process_thread_border_router_process
                0x00000000002097cc       0xf0 border-router.co
 .text.set_prefix_64
                0x00000000002098bc       0x68 border-router.co
                0x00000000002098bc                set_prefix_64
 .text.init     0x0000000000209924       0x24 obj_cc2538dk/slip-bridge.o
 .text.slip_input_callback
                0x0000000000209948       0xe8 obj_cc2538dk/slip-bridge.o
 .text.output   0x0000000000209a30       0x4c obj_cc2538dk/slip-bridge.o
 .text          0x0000000000209a7c       0x30 /usr/lib/gcc/arm-none-eabi/4.9.3/armv7-m/libgcc.a(_aeabi_uldivmod.o)
                0x0000000000209a7c                __aeabi_uldivmod
 .text          0x0000000000209aac       0x60 /usr/lib/gcc/arm-none-eabi/4.9.3/armv7-m/libgcc.a(bpabi.o)
                0x0000000000209aac                __gnu_ldivmod_helper
                0x0000000000209adc                __gnu_uldivmod_helper
 .text          0x0000000000209b0c        0x4 /usr/lib/gcc/arm-none-eabi/4.9.3/armv7-m/libgcc.a(_dvmd_tls.o)
                0x0000000000209b0c                __aeabi_ldiv0
                0x0000000000209b0c                __aeabi_idiv0
 .text          0x0000000000209b10      0x2ac /usr/lib/gcc/arm-none-eabi/4.9.3/armv7-m/libgcc.a(_divdi3.o)
                0x0000000000209b10                __divdi3
 .text          0x0000000000209dbc      0x270 /usr/lib/gcc/arm-none-eabi/4.9.3/armv7-m/libgcc.a(_udivdi3.o)
                0x0000000000209dbc                __udivdi3
 .text.memcmp   0x000000000020a02c       0x64 /usr/lib/gcc/arm-none-eabi/4.9.3/../../../arm-none-eabi/lib/armv7-m/libc.a(lib_a-memcmp.o)
                0x000000000020a02c                memcmp
 .text          0x000000000020a090       0xec /usr/lib/gcc/arm-none-eabi/4.9.3/../../../arm-none-eabi/lib/armv7-m/libc.a(lib_a-memcpy.o)
                0x000000000020a090                memcpy
 .text.memmove  0x000000000020a17c       0xc8 /usr/lib/gcc/arm-none-eabi/4.9.3/../../../arm-none-eabi/lib/armv7-m/libc.a(lib_a-memmove.o)
                0x000000000020a17c                memmove
 .text.memset   0x000000000020a244       0x9c /usr/lib/gcc/arm-none-eabi/4.9.3/../../../arm-none-eabi/lib/armv7-m/libc.a(lib_a-memset.o)
                0x000000000020a244                memset
 .text.default_handler
                0x000000000020a2e0        0x2 obj_cc2538dk/startup-gcc.o
                0x000000000020a2e0                default_handler
 .text.nmi_handler
                0x000000000020a2e2        0x6 obj_cc2538dk/startup-gcc.o
                0x000000000020a2e2                nmi_handler
 .text.fade     0x000000000020a2e8       0x54 obj_cc2538dk/contiki-main.o
 .text.config   0x000000000020a33c       0x40 obj_cc2538dk/button-sensor.o
 .text.status   0x000000000020a37c        0x4 obj_cc2538dk/als-sensor.o
 .text.clock_isr
                0x000000000020a380        0x4 obj_cc2538dk/clock.o
                0x000000000020a380                clock_isr
 .text.rtimer_arch_init
                0x000000000020a384        0x2 obj_cc2538dk/rtimer-arch.o
                0x000000000020a384                rtimer_arch_init
 .text.uart0_isr
                0x000000000020a386        0x6 obj_cc2538dk/uart.o
                0x000000000020a386                uart0_isr
 .text.uart1_isr
                0x000000000020a38c        0x6 obj_cc2538dk/uart.o
                0x000000000020a38c                uart1_isr
 .text.gpio_port_a_isr
                0x000000000020a392        0x6 obj_cc2538dk/gpio.o
                0x000000000020a392                gpio_port_a_isr
 .text.gpio_port_b_isr
                0x000000000020a398        0x6 obj_cc2538dk/gpio.o
                0x000000000020a398                gpio_port_b_isr
 .text.gpio_port_c_isr
                0x000000000020a39e        0x6 obj_cc2538dk/gpio.o
                0x000000000020a39e                gpio_port_c_isr
 .text.gpio_port_d_isr
                0x000000000020a3a4        0x6 obj_cc2538dk/gpio.o
                0x000000000020a3a4                gpio_port_d_isr
 .text.ecb_crypt_start
                0x000000000020a3aa       0x2a obj_cc2538dk/ecb.o
                0x000000000020a3aa                ecb_crypt_start
 .text.ecb_crypt_check_status
                0x000000000020a3d4       0x1a obj_cc2538dk/ecb.o
                0x000000000020a3d4                ecb_crypt_check_status
 .text.ccm_auth_crypt_start
                0x000000000020a3ee       0x9a obj_cc2538dk/ccm.o
 .text.ccm_auth_crypt_get_result
                0x000000000020a488       0x46 obj_cc2538dk/ccm.o
                0x000000000020a488                ccm_auth_decrypt_get_result
 .text.ccm_auth_encrypt_start
                0x000000000020a4ce       0x3a obj_cc2538dk/ccm.o
                0x000000000020a4ce                ccm_auth_encrypt_start
 .text.ccm_auth_encrypt_get_result
                0x000000000020a508        0xc obj_cc2538dk/ccm.o
                0x000000000020a508                ccm_auth_encrypt_get_result
 .text.ccm_auth_decrypt_start
                0x000000000020a514       0x3e obj_cc2538dk/ccm.o
                0x000000000020a514                ccm_auth_decrypt_start
 .text.send     0x000000000020a552       0x12 obj_cc2538dk/cc2538-rf.o
 .text.dbg_send_bytes
                0x000000000020a564       0x20 obj_cc2538dk/dbg.o
                0x000000000020a564                dbg_send_bytes
 .text.puts     0x000000000020a584       0x20 obj_cc2538dk/dbg.o
                0x000000000020a584                puts
 .text.slip_arch_writeb
                0x000000000020a5a4        0x8 obj_cc2538dk/slip-arch.o
                0x000000000020a5a4                slip_arch_writeb
 .text.configure
                0x000000000020a5ac        0x4 obj_cc2538dk/cc2538-temp-sensor.o
 .text.status   0x000000000020a5b0        0x4 obj_cc2538dk/cc2538-temp-sensor.o
 .text.value    0x000000000020a5b4       0x34 obj_cc2538dk/cc2538-temp-sensor.o
 .text.configure
                0x000000000020a5e8        0x4 obj_cc2538dk/vdd3-sensor.o
 .text.status   0x000000000020a5ec        0x4 obj_cc2538dk/vdd3-sensor.o
 .text.value    0x000000000020a5f0       0x2a obj_cc2538dk/vdd3-sensor.o
 .text.write_str
                0x000000000020a61a       0x10 obj_cc2538dk/dbg-printf.o
 .text.akes_get_random_waiting_period
                0x000000000020a62a       0x14 obj_cc2538dk/akes.o
                0x000000000020a62a                akes_get_random_waiting_period
 .text.on_hello_done
                0x000000000020a63e        0x4 obj_cc2538dk/akes-trickle.o
 .text.init     0x000000000020a642        0x2 obj_cc2538dk/noncoresec-strategy.o
 .text.get_overhead
                0x000000000020a644        0x4 obj_cc2538dk/noncoresec-strategy.o
 .text.init     0x000000000020a648        0x2 obj_cc2538dk/akes-single.o
 .text.adaptivesec_get_cmd_id
                0x000000000020a64a        0xa obj_cc2538dk/adaptivesec.o
                0x000000000020a64a                adaptivesec_get_cmd_id
 .text.adaptivesec_add_security_header
                0x000000000020a654       0x12 obj_cc2538dk/adaptivesec.o
                0x000000000020a654                adaptivesec_add_security_header
 .text.adaptivesec_prepare_command
                0x000000000020a666       0x28 obj_cc2538dk/adaptivesec.o
                0x000000000020a666                adaptivesec_prepare_command
 .text.adaptivesec_mic_len
                0x000000000020a68e        0xa obj_cc2538dk/adaptivesec.o
                0x000000000020a68e                adaptivesec_mic_len
 .text.adaptivesec_verify
                0x000000000020a698       0x4a obj_cc2538dk/adaptivesec.o
                0x000000000020a698                adaptivesec_verify
 .text.akes_nbr_copy_challenge
                0x000000000020a6e2        0xa obj_cc2538dk/akes-nbr.o
                0x000000000020a6e2                akes_nbr_copy_challenge
 .text.akes_nbr_copy_key
                0x000000000020a6ec       0x12 obj_cc2538dk/akes-nbr.o
                0x000000000020a6ec                akes_nbr_copy_key
 .text.akes_nbr_count
                0x000000000020a6fe       0x22 obj_cc2538dk/akes-nbr.o
                0x000000000020a6fe                akes_nbr_count
 .text.akes_nbr_prolong
                0x000000000020a720       0x28 obj_cc2538dk/akes-nbr.o
                0x000000000020a720                akes_nbr_prolong
 .text.akes_nbr_get_sender_entry
                0x000000000020a748       0x10 obj_cc2538dk/akes-nbr.o
                0x000000000020a748                akes_nbr_get_sender_entry
 .text.akes_nbr_get_receiver_entry
                0x000000000020a758       0x10 obj_cc2538dk/akes-nbr.o
                0x000000000020a758                akes_nbr_get_receiver_entry
 .text.akes_nbr_is_expired
                0x000000000020a768       0x18 obj_cc2538dk/akes-nbr.o
                0x000000000020a768                akes_nbr_is_expired
 .text.akes_nbr_delete_expired_tentatives
                0x000000000020a780       0x2e obj_cc2538dk/akes-nbr.o
                0x000000000020a780                akes_nbr_delete_expired_tentatives
 .text.autostart_start
                0x000000000020a7ae       0x14 obj_cc2538dk/autostart.o
                0x000000000020a7ae                autostart_start
 .text.energest_init
                0x000000000020a7c2        0x2 obj_cc2538dk/energest.o
                0x000000000020a7c2                energest_init
 .text.stimer_set
                0x000000000020a7c4        0xe obj_cc2538dk/stimer.o
                0x000000000020a7c4                stimer_set
 .text.etimer_set
                0x000000000020a7d2       0x12 obj_cc2538dk/etimer.o
                0x000000000020a7d2                etimer_set
 .text.etimer_reset
                0x000000000020a7e4       0x12 obj_cc2538dk/etimer.o
                0x000000000020a7e4                etimer_reset
 .text.etimer_restart
                0x000000000020a7f6       0x12 obj_cc2538dk/etimer.o
                0x000000000020a7f6                etimer_restart
 .text.etimer_expired
                0x000000000020a808        0xa obj_cc2538dk/etimer.o
                0x000000000020a808                etimer_expired
 .text.etimer_expiration_time
                0x000000000020a812        0x6 obj_cc2538dk/etimer.o
                0x000000000020a812                etimer_expiration_time
 .text.call_process
                0x000000000020a818        0xc obj_cc2538dk/process.o
 .text.rtimer_init
                0x000000000020a824        0x4 obj_cc2538dk/rtimer.o
                0x000000000020a824                rtimer_init
 .text.timer_set
                0x000000000020a828        0xe obj_cc2538dk/timer.o
                0x000000000020a828                timer_set
 .text.timer_reset
                0x000000000020a836        0xa obj_cc2538dk/timer.o
                0x000000000020a836                timer_reset
 .text.timer_restart
                0x000000000020a840        0xc obj_cc2538dk/timer.o
                0x000000000020a840                timer_restart
 .text.timer_expired
                0x000000000020a84c       0x1c obj_cc2538dk/timer.o
                0x000000000020a84c                timer_expired
 .text.generate_seed
                0x000000000020a868       0x14 obj_cc2538dk/iq-seeder.o
 .text.update_filling_level
                0x000000000020a87c       0x2a obj_cc2538dk/leaky-bucket.o
 .text.leaky_bucket_init
                0x000000000020a8a6       0x14 obj_cc2538dk/leaky-bucket.o
                0x000000000020a8a6                leaky_bucket_init
 .text.leaky_bucket_pour
                0x000000000020a8ba       0x18 obj_cc2538dk/leaky-bucket.o
                0x000000000020a8ba                leaky_bucket_pour
 .text.leaky_bucket_is_full
                0x000000000020a8d2       0x14 obj_cc2538dk/leaky-bucket.o
                0x000000000020a8d2                leaky_bucket_is_full
 .text.list_init
                0x000000000020a8e6        0x6 obj_cc2538dk/list.o
                0x000000000020a8e6                list_init
 .text.list_head
                0x000000000020a8ec        0x4 obj_cc2538dk/list.o
                0x000000000020a8ec                list_head
 .text.list_tail
                0x000000000020a8f0       0x10 obj_cc2538dk/list.o
                0x000000000020a8f0                list_tail
 .text.list_remove
                0x000000000020a900       0x28 obj_cc2538dk/list.o
                0x000000000020a900                list_remove
 .text.list_add
                0x000000000020a928       0x1e obj_cc2538dk/list.o
                0x000000000020a928                list_add
 .text.list_push
                0x000000000020a946       0x12 obj_cc2538dk/list.o
                0x000000000020a946                list_push
 .text.list_length
                0x000000000020a958        0xe obj_cc2538dk/list.o
                0x000000000020a958                list_length
 .text.list_item_next
                0x000000000020a966        0x6 obj_cc2538dk/list.o
                0x000000000020a966                list_item_next
 .text.memb_init
                0x000000000020a96c       0x20 obj_cc2538dk/memb.o
                0x000000000020a96c                memb_init
 .text.memb_alloc
                0x000000000020a98c       0x28 obj_cc2538dk/memb.o
                0x000000000020a98c                memb_alloc
 .text.memb_free
                0x000000000020a9b4       0x2c obj_cc2538dk/memb.o
                0x000000000020a9b4                memb_free
 .text.memb_inmemb
                0x000000000020a9e0       0x1c obj_cc2538dk/memb.o
                0x000000000020a9e0                memb_inmemb
 .text.memb_numfree
                0x000000000020a9fc       0x1c obj_cc2538dk/memb.o
                0x000000000020a9fc                memb_numfree
 .text.ringbuf_init
                0x000000000020aa18        0xe obj_cc2538dk/ringbuf.o
                0x000000000020aa18                ringbuf_init
 .text.ringbuf_put
                0x000000000020aa26       0x28 obj_cc2538dk/ringbuf.o
                0x000000000020aa26                ringbuf_put
 .text.ringbuf_get
                0x000000000020aa4e       0x20 obj_cc2538dk/ringbuf.o
                0x000000000020aa4e                ringbuf_get
 .text.uip_ds6_list_loop
                0x000000000020aa6e       0x48 obj_cc2538dk/uip-ds6.o
                0x000000000020aa6e                uip_ds6_list_loop
 .text.uip_ds6_maddr_rm
                0x000000000020aab6        0x8 obj_cc2538dk/uip-ds6.o
                0x000000000020aab6                uip_ds6_maddr_rm
 .text.uip_ds6_set_addr_iid
                0x000000000020aabe       0x12 obj_cc2538dk/uip-ds6.o
                0x000000000020aabe                uip_ds6_set_addr_iid
 .text.get_match_length
                0x000000000020aad0       0x3a obj_cc2538dk/uip-ds6.o
                0x000000000020aad0                get_match_length
 .text.uip_ds6_route_next
                0x000000000020ab0a        0x8 obj_cc2538dk/uip-ds6-route.o
                0x000000000020ab0a                uip_ds6_route_next
 .text.rm_routelist_callback
                0x000000000020ab12        0x4 obj_cc2538dk/uip-ds6-route.o
 .text.chksum   0x000000000020ab16       0x38 obj_cc2538dk/uip6.o
 .text.uip_htonl
                0x000000000020ab4e       0x14 obj_cc2538dk/uip6.o
                0x000000000020ab4e                uip_htonl
 .text.uip_ds6_nbr_ipaddr_from_lladdr
                0x000000000020ab62        0x4 obj_cc2538dk/uip-ds6-nbr.o
                0x000000000020ab62                uip_ds6_nbr_ipaddr_from_lladdr
 .text.uip_ds6_nbr_lladdr_from_ipaddr
                0x000000000020ab66       0x12 obj_cc2538dk/uip-ds6-nbr.o
                0x000000000020ab66                uip_ds6_nbr_lladdr_from_ipaddr
 .text.lollipop_greater_than
                0x000000000020ab78       0x34 obj_cc2538dk/rpl-dag.o
 .text.check_prefix
                0x000000000020abac       0x58 obj_cc2538dk/rpl-dag.o
 .text.rpl_rank_via_parent
                0x000000000020ac04       0x1a obj_cc2538dk/rpl-dag.o
                0x000000000020ac04                rpl_rank_via_parent
 .text.rpl_get_parent_ipaddr
                0x000000000020ac1e        0xe obj_cc2538dk/rpl-dag.o
                0x000000000020ac1e                rpl_get_parent_ipaddr
 .text.rpl_get_parent_link_stats
                0x000000000020ac2c        0xe obj_cc2538dk/rpl-dag.o
                0x000000000020ac2c                rpl_get_parent_link_stats
 .text.rpl_parent_is_fresh
                0x000000000020ac3a        0xe obj_cc2538dk/rpl-dag.o
                0x000000000020ac3a                rpl_parent_is_fresh
 .text.rpl_parent_is_reachable
                0x000000000020ac48       0x36 obj_cc2538dk/rpl-dag.o
                0x000000000020ac48                rpl_parent_is_reachable
 .text.rpl_set_prefix
                0x000000000020ac7e       0x6c obj_cc2538dk/rpl-dag.o
                0x000000000020ac7e                rpl_set_prefix
 .text.rpl_set_default_route
                0x000000000020acea       0x30 obj_cc2538dk/rpl-dag.o
                0x000000000020acea                rpl_set_default_route
 .text.rpl_find_parent
                0x000000000020ad1a       0x16 obj_cc2538dk/rpl-dag.o
                0x000000000020ad1a                rpl_find_parent
 .text.rpl_find_parent_any_dag
                0x000000000020ad30       0x1e obj_cc2538dk/rpl-dag.o
                0x000000000020ad30                rpl_find_parent_any_dag
 .text.rpl_select_parent
                0x000000000020ad4e       0x4a obj_cc2538dk/rpl-dag.o
                0x000000000020ad4e                rpl_select_parent
 .text.rpl_select_dag
                0x000000000020ad98      0x15c obj_cc2538dk/rpl-dag.o
                0x000000000020ad98                rpl_select_dag
 .text.rpl_nullify_parent
                0x000000000020aef4       0x54 obj_cc2538dk/rpl-dag.o
                0x000000000020aef4                rpl_nullify_parent
 .text.nbr_callback
                0x000000000020af48        0x4 obj_cc2538dk/rpl-dag.o
 .text.rpl_free_dag
                0x000000000020af4c       0x3a obj_cc2538dk/rpl-dag.o
                0x000000000020af4c                rpl_free_dag
 .text.rpl_move_parent
                0x000000000020af86       0x54 obj_cc2538dk/rpl-dag.o
                0x000000000020af86                rpl_move_parent
 .text.rpl_repair_root
                0x000000000020afda       0x48 obj_cc2538dk/rpl-dag.o
                0x000000000020afda                rpl_repair_root
 .text.rpl_alloc_dag
                0x000000000020b022       0x48 obj_cc2538dk/rpl-dag.o
                0x000000000020b022                rpl_alloc_dag
 .text.rpl_process_parent_event
                0x000000000020b06a       0x96 obj_cc2538dk/rpl-dag.o
                0x000000000020b06a                rpl_process_parent_event
 .text.rpl_add_dag
                0x000000000020b100      0x112 obj_cc2538dk/rpl-dag.o
                0x000000000020b100                rpl_add_dag
 .text.rpl_process_dio
                0x000000000020b212      0x2e6 obj_cc2538dk/rpl-dag.o
                0x000000000020b212                rpl_process_dio
 .text.handle_unicast_dio_timer
                0x000000000020b4f8       0x1c obj_cc2538dk/rpl-timers.o
 .text.rpl_reset_dio_timer
                0x000000000020b514       0x1c obj_cc2538dk/rpl-timers.o
                0x000000000020b514                rpl_reset_dio_timer
 .text.rpl_schedule_dao
                0x000000000020b530        0x8 obj_cc2538dk/rpl-timers.o
                0x000000000020b530                rpl_schedule_dao
 .text.get_probing_delay
                0x000000000020b538       0x3a obj_cc2538dk/rpl-timers.o
                0x000000000020b538                get_probing_delay
 .text.handle_probing_timer
                0x000000000020b572       0x32 obj_cc2538dk/rpl-timers.o
 .text.rpl_remove_routes
                0x000000000020b5a4       0x1e obj_cc2538dk/rpl.o
                0x000000000020b5a4                rpl_remove_routes
 .text.rpl_remove_routes_by_nexthop
                0x000000000020b5c2       0x30 obj_cc2538dk/rpl.o
                0x000000000020b5c2                rpl_remove_routes_by_nexthop
 .text.rpl_add_route
                0x000000000020b5f2       0x36 obj_cc2538dk/rpl.o
                0x000000000020b5f2                rpl_add_route
 .text.reset    0x000000000020b628        0x2 obj_cc2538dk/rpl-mrhof.o
 .text.update_metric_container
                0x000000000020b62a        0x6 obj_cc2538dk/rpl-mrhof.o
 .text.parent_link_metric
                0x000000000020b630       0x12 obj_cc2538dk/rpl-mrhof.o
 .text.parent_has_usable_link
                0x000000000020b642       0x12 obj_cc2538dk/rpl-mrhof.o
 .text.best_dag
                0x000000000020b654       0x2c obj_cc2538dk/rpl-mrhof.o
 .text.parent_path_cost
                0x000000000020b680       0x34 obj_cc2538dk/rpl-mrhof.o
 .text.parent_is_acceptable
                0x000000000020b6b4       0x26 obj_cc2538dk/rpl-mrhof.o
 .text.rank_via_parent
                0x000000000020b6da       0x34 obj_cc2538dk/rpl-mrhof.o
 .text.best_parent
                0x000000000020b70e       0x68 obj_cc2538dk/rpl-mrhof.o
 .text.get32    0x000000000020b776       0x18 obj_cc2538dk/rpl-icmp6.o
 .text.set32    0x000000000020b78e       0x12 obj_cc2538dk/rpl-icmp6.o
 .text.get16    0x000000000020b7a0        0xc obj_cc2538dk/rpl-icmp6.o
 .text.set16    0x000000000020b7ac        0xa obj_cc2538dk/rpl-icmp6.o
 .text.rpl_icmp6_update_nbr_table
                0x000000000020b7b6       0x2e obj_cc2538dk/rpl-icmp6.o
                0x000000000020b7b6                rpl_icmp6_update_nbr_table
 .text.svcall_handler
                0x000000000020b7e4       0x1e obj_cc2538dk/mtarch.o
                0x000000000020b7e4                svcall_handler
 .text.pendsv_handler
                0x000000000020b802       0x18 obj_cc2538dk/mtarch.o
                0x000000000020b802                pendsv_handler
 .text.queuebuf_update_attr_from_packetbuf
                0x000000000020b81a        0xc obj_cc2538dk/queuebuf.o
                0x000000000020b81a                queuebuf_update_attr_from_packetbuf
 .text.queuebuf_update_from_packetbuf
                0x000000000020b826       0x1c obj_cc2538dk/queuebuf.o
                0x000000000020b826                queuebuf_update_from_packetbuf
 .text.queuebuf_attr
                0x000000000020b842        0xc obj_cc2538dk/queuebuf.o
                0x000000000020b842                queuebuf_attr
 .text.item_from_key
                0x000000000020b84e       0x22 obj_cc2538dk/nbr-table.o
 .text.nbr_set_bit
                0x000000000020b870       0x38 obj_cc2538dk/nbr-table.o
 .text.nbr_table_next
                0x000000000020b8a8       0x3e obj_cc2538dk/nbr-table.o
                0x000000000020b8a8                nbr_table_next
 .text.nbr_table_get_from_lladdr
                0x000000000020b8e6       0x32 obj_cc2538dk/nbr-table.o
                0x000000000020b8e6                nbr_table_get_from_lladdr
 .text.nbr_table_get_lladdr
                0x000000000020b918       0x20 obj_cc2538dk/nbr-table.o
                0x000000000020b918                nbr_table_get_lladdr
 .text.nbr_table_update_lladdr
                0x000000000020b938       0x40 obj_cc2538dk/nbr-table.o
                0x000000000020b938                nbr_table_update_lladdr
 .text.linkaddr_copy
                0x000000000020b978        0xa obj_cc2538dk/linkaddr.o
                0x000000000020b978                linkaddr_copy
 .text.linkaddr_cmp
                0x000000000020b982       0x10 obj_cc2538dk/linkaddr.o
                0x000000000020b982                linkaddr_cmp
 .text.link_stats_is_fresh
                0x000000000020b992       0x24 obj_cc2538dk/link-stats.o
                0x000000000020b992                link_stats_is_fresh
 .text.parse    0x000000000020b9b6       0x94 obj_cc2538dk/framer-802154.o
 .text.create_frame.isra.0
                0x000000000020ba4a       0xec obj_cc2538dk/framer-802154.o
 .text.create   0x000000000020bb36        0x6 obj_cc2538dk/framer-802154.o
 .text.hdr_length
                0x000000000020bb3c        0x6 obj_cc2538dk/framer-802154.o
 .text.frame802154_has_panid
                0x000000000020bb42       0xb0 obj_cc2538dk/frame802154.o
                0x000000000020bb42                frame802154_has_panid
 .text.field_len
                0x000000000020bbf2       0x84 obj_cc2538dk/frame802154.o
 .text.frame802154_is_broadcast_addr
                0x000000000020bc76       0x1e obj_cc2538dk/frame802154.o
                0x000000000020bc76                frame802154_is_broadcast_addr
 .text.frame802154_hdrlen
                0x000000000020bc94       0x32 obj_cc2538dk/frame802154.o
                0x000000000020bc94                frame802154_hdrlen
 .text.frame802154_create_fcf
                0x000000000020bcc6       0x62 obj_cc2538dk/frame802154.o
                0x000000000020bcc6                frame802154_create_fcf
 .text.frame802154_create
                0x000000000020bd28       0x92 obj_cc2538dk/frame802154.o
                0x000000000020bd28                frame802154_create
 .text.frame802154_parse_fcf
                0x000000000020bdba       0x40 obj_cc2538dk/frame802154.o
                0x000000000020bdba                frame802154_parse_fcf
 .text.mac_call_sent_callback
                0x000000000020bdfa       0x16 obj_cc2538dk/mac.o
                0x000000000020bdfa                mac_call_sent_callback
 .text.packet_sent
                0x000000000020be10       0xca obj_cc2538dk/csma.o
 .text.duty_cycle
                0x000000000020beda        0x4 obj_cc2538dk/contikimac.o
 .text.qsend_packet
                0x000000000020bede       0x24 obj_cc2538dk/contikimac.o
 .text.order_and_set_counter
                0x000000000020bf02       0x1a obj_cc2538dk/anti-replay.o
 .text.anti_replay_parse_counter
                0x000000000020bf1c       0x1a obj_cc2538dk/anti-replay.o
                0x000000000020bf1c                anti_replay_parse_counter
 .text.anti_replay_write_counter
                0x000000000020bf36       0x18 obj_cc2538dk/anti-replay.o
                0x000000000020bf36                anti_replay_write_counter
 .text.anti_replay_get_counter
                0x000000000020bf4e       0x1c obj_cc2538dk/anti-replay.o
                0x000000000020bf4e                anti_replay_get_counter
 .text.anti_replay_suppress_counter
                0x000000000020bf6a       0x14 obj_cc2538dk/anti-replay.o
                0x000000000020bf6a                anti_replay_suppress_counter
 .text.anti_replay_restore_counter
                0x000000000020bf7e       0x5e obj_cc2538dk/anti-replay.o
                0x000000000020bf7e                anti_replay_restore_counter
 .text.anti_replay_was_replayed
                0x000000000020bfdc       0x2a obj_cc2538dk/anti-replay.o
                0x000000000020bfdc                anti_replay_was_replayed
 *(SORT(.rodata*))
 *fill*         0x000000000020c006        0x2 00000000
 .rodata.button_select_sensor
                0x000000000020c008       0x10 obj_cc2538dk/button-sensor.o
                0x000000000020c008                button_select_sensor
 .rodata.button_up_sensor
                0x000000000020c018       0x10 obj_cc2538dk/button-sensor.o
                0x000000000020c018                button_up_sensor
 .rodata.button_left_sensor
                0x000000000020c028       0x10 obj_cc2538dk/button-sensor.o
                0x000000000020c028                button_left_sensor
 .rodata.button_right_sensor
                0x000000000020c038       0x10 obj_cc2538dk/button-sensor.o
                0x000000000020c038                button_right_sensor
 .rodata.button_down_sensor
                0x000000000020c048       0x10 obj_cc2538dk/button-sensor.o
                0x000000000020c048                button_down_sensor
 .rodata.als_sensor
                0x000000000020c058       0x10 obj_cc2538dk/als-sensor.o
                0x000000000020c058                als_sensor
 .rodata.uart_regs
                0x000000000020c068       0x58 obj_cc2538dk/uart.o
 .rodata.reset_cause.5159
                0x000000000020c0c0       0x10 obj_cc2538dk/sys-ctrl.o
 .rodata.cc2538_aes_128_driver
                0x000000000020c0d0        0x8 obj_cc2538dk/cc2538-aes-128.o
                0x000000000020c0d0                cc2538_aes_128_driver
 .rodata.cc2538_ccm_star_driver
                0x000000000020c0d8        0x8 obj_cc2538dk/cc2538-ccm-star.o
                0x000000000020c0d8                cc2538_ccm_star_driver
 .rodata.output_power
                0x000000000020c0e0       0x70 obj_cc2538dk/cc2538-rf.o
 .rodata.cc2538_rf_driver
                0x000000000020c150       0x38 obj_cc2538dk/cc2538-rf.o
                0x000000000020c150                cc2538_rf_driver
 .rodata.cc2538_temp_sensor
                0x000000000020c188       0x10 obj_cc2538dk/cc2538-temp-sensor.o
                0x000000000020c188                cc2538_temp_sensor
 .rodata.vdd3_sensor
                0x000000000020c198       0x10 obj_cc2538dk/vdd3-sensor.o
                0x000000000020c198                vdd3_sensor
 .rodata.noncoresec_strategy
                0x000000000020c1a8       0x14 obj_cc2538dk/noncoresec-strategy.o
                0x000000000020c1a8                noncoresec_strategy
 .rodata.akes_single_scheme
                0x000000000020c1bc        0xc obj_cc2538dk/akes-single.o
                0x000000000020c1bc                akes_single_scheme
 .rodata.adaptivesec_driver
                0x000000000020c1c8       0x10 obj_cc2538dk/adaptivesec.o
                0x000000000020c1c8                adaptivesec_driver
 .rodata.adaptivesec_framer
                0x000000000020c1d8        0xc obj_cc2538dk/adaptivesec.o
                0x000000000020c1d8                adaptivesec_framer
 .rodata.iq_seeder
                0x000000000020c1e4        0x8 obj_cc2538dk/iq-seeder.o
                0x000000000020c1e4                iq_seeder
 .rodata.sicslowpan_driver
                0x000000000020c1ec        0xc obj_cc2538dk/sicslowpan.o
                0x000000000020c1ec                sicslowpan_driver
 .rodata.framer_802154
                0x000000000020c1f8        0xc obj_cc2538dk/framer-802154.o
                0x000000000020c1f8                framer_802154
 .rodata.csma_driver
                0x000000000020c204       0x1c obj_cc2538dk/csma.o
                0x000000000020c204                csma_driver
 .rodata.contikimac_driver
                0x000000000020c220       0x20 obj_cc2538dk/contikimac.o
                0x000000000020c220                contikimac_driver
 .rodata.contikimac_framer
                0x000000000020c240        0xc obj_cc2538dk/contikimac-framer.o
                0x000000000020c240                contikimac_framer
 .rodata.autostart_processes
                0x000000000020c24c        0x8 border-router.co
                0x000000000020c24c                autostart_processes
 .rodata.rpl_interface
                0x000000000020c254        0x8 obj_cc2538dk/slip-bridge.o
                0x000000000020c254                rpl_interface
 .rodata.str1.1
                0x000000000020c25c       0x6c obj_cc2538dk/contiki-main.o
 .rodata.str1.1
                0x000000000020c2c8        0x8 obj_cc2538dk/sensors.o
 .rodata.str1.1
                0x000000000020c2d0        0x7 obj_cc2538dk/button-sensor.o
 .rodata.str1.1
                0x000000000020c2d7        0x4 obj_cc2538dk/als-sensor.o
 .rodata.str1.1
                0x000000000020c2db       0x94 obj_cc2538dk/soc.o
 .rodata.str1.1
                0x000000000020c36f       0x2d obj_cc2538dk/sys-ctrl.o
 .rodata.str1.1
                0x000000000020c39c       0x11 obj_cc2538dk/cc2538-rf.o
 .rodata.str1.1
                0x000000000020c3ad        0xc obj_cc2538dk/slip.o
 .rodata.str1.1
                0x000000000020c3b9       0x14 obj_cc2538dk/cc2538-temp-sensor.o
 .rodata.str1.1
                0x000000000020c3cd        0x5 obj_cc2538dk/vdd3-sensor.o
 .rodata.buffer.4159
                0x000000000020c3d2       0x10 obj_cc2538dk/strformat.o
 .rodata.str1.1
                0x000000000020c3e2       0x35 obj_cc2538dk/strformat.o
                                         0x37 (size before relaxing)
 .rodata.buffer.4150
                0x000000000020c417       0x10 obj_cc2538dk/strformat.o
 .rodata.str1.1
                0x000000000020c427      0x29b obj_cc2538dk/akes.o
                                        0x2a2 (size before relaxing)
 .rodata.str1.1
                0x000000000020c6c2       0x6a obj_cc2538dk/akes-delete.o
 .rodata.str1.1
                0x000000000020c72c      0x134 obj_cc2538dk/akes-trickle.o
 .rodata.str1.1
                0x000000000020c860       0x45 obj_cc2538dk/noncoresec-strategy.o
 .rodata.key    0x000000000020c8a5       0x10 obj_cc2538dk/akes-single.o
 .rodata.str1.1
                0x000000000020c8b5       0x96 obj_cc2538dk/adaptivesec.o
 .rodata.str1.1
                0x000000000020c94b      0x16b obj_cc2538dk/akes-nbr.o
 .rodata.str1.1
                0x000000000020cab6        0xf obj_cc2538dk/ctimer.o
 .rodata.str1.1
                0x000000000020cac5        0xc obj_cc2538dk/etimer.o
 .rodata.str1.1
                0x000000000020cad1        0xe obj_cc2538dk/serial-line.o
 .rodata.str1.1
                0x000000000020cadf        0xa obj_cc2538dk/iq-seeder.o
 .rodata.toeplitz
                0x000000000020cae9       0x41 obj_cc2538dk/iq-seeder.o
 .rodata        0x000000000020cb2a        0x2 obj_cc2538dk/sicslowpan.o
 .rodata.ttl_values
                0x000000000020cb2c        0x4 obj_cc2538dk/sicslowpan.o
 .rodata.unc_llconf
                0x000000000020cb30        0x4 obj_cc2538dk/sicslowpan.o
                0x000000000020cb30                unc_llconf
 .rodata.llprefix
                0x000000000020cb34        0x2 obj_cc2538dk/sicslowpan.o
                0x000000000020cb34                llprefix
 .rodata.unc_mxconf
                0x000000000020cb36        0x4 obj_cc2538dk/sicslowpan.o
                0x000000000020cb36                unc_mxconf
 .rodata.str1.1
                0x000000000020cb3a        0xb obj_cc2538dk/sicslowpan.o
 .rodata.unc_ctxconf
                0x000000000020cb45        0x4 obj_cc2538dk/sicslowpan.o
                0x000000000020cb45                unc_ctxconf
 .rodata.str1.1
                0x000000000020cb49        0xd obj_cc2538dk/tcpip.o
 .rodata.str1.1
                0x000000000020cb56       0x25 obj_cc2538dk/uip-debug.o
                                         0x28 (size before relaxing)
 .rodata.linkaddr_null
                0x000000000020cb7b        0x8 obj_cc2538dk/linkaddr.o
                0x000000000020cb7b                linkaddr_null
 .rodata.str1.1
                0x000000000020cb83        0x5 obj_cc2538dk/csma.o
 .rodata.str1.1
                0x000000000020cb88        0xb obj_cc2538dk/contikimac.o
 .rodata.str1.1
                0x000000000020cb93       0x2d border-router.co
 .rodata.str1.1
                0x000000000020cbc0       0x90 obj_cc2538dk/slip-bridge.o
                                         0xa1 (size before relaxing)
                0x000000000020cc50                _etext = .

.glue_7         0x000000000020cc50        0x0
 .glue_7        0x000000000020cc50        0x0 linker stubs

.glue_7t        0x000000000020cc50        0x0